Microchip Technology Inc, v1.70 (B)

Tool Name:
  c:\progra~1\microchip\xc16\v1.70\bin\bin\..\bin/elf-ld.exe

Command:
  -p33FJ32MC204 \
  --mdfp=C:/PROGRA~1/Microchip/MPLABX/v6.20/packs/Microchip/dsPIC33F-GP-MC_DFP/1.4.235/xc16 \
  -o \
  ornek_11_1.elf \
  -Lc:/progra~1/microchip/xc16/v1.70/bin/bin/.. \
  -LC:/PROGRA~1/Microchip/MPLABX/v6.20/packs/Microchip/dsPIC33F-GP-MC_DFP/1.4.235/xc16/bin/../support/PIC24H/gld \
  -LC:/PROGRA~1/Microchip/MPLABX/v6.20/packs/Microchip/dsPIC33F-GP-MC_DFP/1.4.235/xc16/bin/../support/dsPIC33F/gld \
  -Lc:/progra~1/microchip/xc16/v1.70/bin/bin/../../lib \
  -Lc:/progra~1/microchip/xc16/v1.70/bin/bin/../../support/PIC24E/gld \
  -Lc:/progra~1/microchip/xc16/v1.70/bin/bin/../../support/PIC24F/gld \
  -Lc:/progra~1/microchip/xc16/v1.70/bin/bin/../../support/PIC24H/gld \
  -Lc:/progra~1/microchip/xc16/v1.70/bin/bin/../../support/dsPIC30F/gld \
  -Lc:/progra~1/microchip/xc16/v1.70/bin/bin/../../support/dsPIC33C/gld \
  -Lc:/progra~1/microchip/xc16/v1.70/bin/bin/../../support/dsPIC33E/gld \
  -Lc:/progra~1/microchip/xc16/v1.70/bin/bin/../../support/dsPIC33F/gld \
  ornek_11_1_main.o \
  dsPIC_LCD_customCFile.o \
  ornek_11_1.o \
  --start-group \
  --end-group \
  --library=m \
  -Tp33FJ32MC204.gld.00 \
  --report-mem \
  -Map=info.map \
  -cref \
  --library=q-dsp \
  --memorysummary \
  memoryfile.xml \
  -start-group \
  --library=lega-pic30-elf \
  --library=m-elf \
  --library=lega-c-elf \
  -end-group \


Optional library libp33FJ32MC204.a not found
Archive member included because of file (symbol)

c:/progra~1/microchip/xc16/v1.70/bin/bin/../../lib\liblega-pic30-elf.a(crt0_standard.o)
                              (__resetPRI)
c:/progra~1/microchip/xc16/v1.70/bin/bin/../../lib\liblega-pic30-elf.a(data_init_standard.o)
                              c:/progra~1/microchip/xc16/v1.70/bin/bin/../../lib\liblega-pic30-elf.a(crt0_standard.o) (__data_init_standard)
c:/progra~1/microchip/xc16/v1.70/bin/bin/../../lib\liblega-pic30-elf.a(crt_start_mode_normal.Leo)
                              (__crt_start_mode_normal)
c:/progra~1/microchip/xc16/v1.70/bin/bin/../../lib\liblega-pic30-elf.a(delay32.Leo)
                              dsPIC_LCD_customCFile.o (___delay32)
c:/progra~1/microchip/xc16/v1.70/bin/bin/../../lib\liblega-c-elf.a(sprintf_cdnopuxX.XXeo)
                              dsPIC_LCD_customCFile.o (__sprintf_cdnopuxX)
c:/progra~1/microchip/xc16/v1.70/bin/bin/../../lib\liblega-c-elf.a(sprintf_cdfFnopuxX.XXeo)
                              dsPIC_LCD_customCFile.o (__sprintf_cdfFnopuxX)
c:/progra~1/microchip/xc16/v1.70/bin/bin/../../lib\liblega-c-elf.a(xprintf_cdnopuxX.XXeo)
                              c:/progra~1/microchip/xc16/v1.70/bin/bin/../../lib\liblega-c-elf.a(sprintf_cdnopuxX.XXeo) (___ePrintf_cdnopuxX)
c:/progra~1/microchip/xc16/v1.70/bin/bin/../../lib\liblega-c-elf.a(memcpy.XX_eo)
                              c:/progra~1/microchip/xc16/v1.70/bin/bin/../../lib\liblega-c-elf.a(sprintf_cdnopuxX.XXeo) (_memcpy)
c:/progra~1/microchip/xc16/v1.70/bin/bin/../../lib\liblega-c-elf.a(strchr.XX_eo)
                              c:/progra~1/microchip/xc16/v1.70/bin/bin/../../lib\liblega-c-elf.a(xprintf_cdnopuxX.XXeo) (_strchr)
c:/progra~1/microchip/xc16/v1.70/bin/bin/../../lib\liblega-c-elf.a(xputtxt.XX_eo)
                              c:/progra~1/microchip/xc16/v1.70/bin/bin/../../lib\liblega-c-elf.a(xprintf_cdnopuxX.XXeo) (__Puttxt)
c:/progra~1/microchip/xc16/v1.70/bin/bin/../../lib\liblega-c-elf.a(xvacopy.XX_eo)
                              c:/progra~1/microchip/xc16/v1.70/bin/bin/../../lib\liblega-c-elf.a(xprintf_cdnopuxX.XXeo) (__Vacopy)
c:/progra~1/microchip/xc16/v1.70/bin/bin/../../lib\liblega-c-elf.a(efwrite.XX_eo)
                              c:/progra~1/microchip/xc16/v1.70/bin/bin/../../lib\liblega-c-elf.a(xprintf_cdnopuxX.XXeo) (_efwrite)
c:/progra~1/microchip/xc16/v1.70/bin/bin/../../lib\liblega-c-elf.a(fflush.XX_elo)
                              c:/progra~1/microchip/xc16/v1.70/bin/bin/../../lib\liblega-c-elf.a(efwrite.XX_eo) (__DNKfflush)
c:/progra~1/microchip/xc16/v1.70/bin/bin/../../lib\liblega-c-elf.a(xfiles.XX_elo)
                              c:/progra~1/microchip/xc16/v1.70/bin/bin/../../lib\liblega-c-elf.a(fflush.XX_elo) (__Files)
c:/progra~1/microchip/xc16/v1.70/bin/bin/../../lib\liblega-c-elf.a(xputfld_cdnopuxX.XXeo)
                              c:/progra~1/microchip/xc16/v1.70/bin/bin/../../lib\liblega-c-elf.a(xprintf_cdnopuxX.XXeo) (___Putfld_cdnopuxX)
c:/progra~1/microchip/xc16/v1.70/bin/bin/../../lib\liblega-c-elf.a(xprintf_cdfFnopuxX.XXeo)
                              c:/progra~1/microchip/xc16/v1.70/bin/bin/../../lib\liblega-c-elf.a(sprintf_cdfFnopuxX.XXeo) (___ePrintf_cdfFnopuxX)
c:/progra~1/microchip/xc16/v1.70/bin/bin/../../lib\liblega-c-elf.a(xputfld_cdfFnopuxX.XXeo)
                              c:/progra~1/microchip/xc16/v1.70/bin/bin/../../lib\liblega-c-elf.a(xprintf_cdfFnopuxX.XXeo) (___Putfld_cdfFnopuxX)
[...]
Memory Configuration

Name             Origin             Length             Attributes
data             0x000800           0x000800           a !xr
reset            0x000000           0x000004  
ivt              0x000004           0x0000fc  
_reserved        0x000100           0x000004  
aivt             0x000104           0x0000fc  
program          0x000200           0x005600           xr
FBS              0xf80000           0x000002  
FGS              0xf80004           0x000002  
FOSCSEL          0xf80006           0x000002  
FOSC             0xf80008           0x000002  
FWDT             0xf8000a           0x000002  
FPOR             0xf8000c           0x000002  
FICD             0xf8000e           0x000002  
FUID0            0xf80010           0x000002  
FUID1            0xf80012           0x000002  
FUID2            0xf80014           0x000002  
FUID3            0xf80016           0x000002  
*default*        0x000000           0xffffffff  

Linker script and memory map

LOAD ornek_11_1_main.o
LOAD dsPIC_LCD_customCFile.o
LOAD ornek_11_1.o
START GROUP
END GROUP
LOAD c:/progra~1/microchip/xc16/v1.70/bin/bin/../../lib\libm-elf.a
LOAD p33FJ32MC204
LOAD c:/progra~1/microchip/xc16/v1.70/bin/bin/../../lib\libfx-elf.a
                    0xf80000                  __FBS = 0xf80000
                    0xf80004                  __FGS = 0xf80004
                    0xf80006                  __FOSCSEL = 0xf80006
                    0xf80008                  __FOSC = 0xf80008
                    0xf8000a                  __FWDT = 0xf8000a
                    0xf8000c                  __FPOR = 0xf8000c
                    0xf8000e                  __FICD = 0xf8000e
                    0xf80010                  __FUID0 = 0xf80010
                    0xf80012                  __FUID1 = 0xf80012
                    0xf80014                  __FUID2 = 0xf80014
                    0xf80016                  __FUID3 = 0xf80016
                    0x0001                  __NO_HANDLES = 0x1
                    0x0200                  __CODE_BASE = 0x200
                    0x5600                  __CODE_LENGTH = 0x5600
                    0x0004                  __IVT_BASE = 0x4
                    0x0104                  __AIVT_BASE = 0x104
                    0x0800                  __DATA_BASE = 0x800
                    0x0800                  __DATA_LENGTH = 0x800
                    0x0c00                  __YDATA_BASE = 0xc00
                    0x1000                  __YDATA_END = 0x1000

.reset            0x000000          0x4
                  0x000000          0x2 SHORT 0x200 ABSOLUTE (__reset)
                  0x000001          0x2 SHORT 0x4
                  0x000002          0x2 SHORT 0x0 ((ABSOLUTE (__reset) >> 0x10) & 0x7f)
                  0x000003          0x2 SHORT 0x0

.text             0x000200       0x1e1e
 *(.init)
 .init            0x000200         0x4c c:/progra~1/microchip/xc16/v1.70/bin/bin/../../lib\liblega-pic30-elf.a(crt0_standard.o)
                  0x000200                  __resetPRI
                  0x000200                  __reset
                  0x00023c                  __psv_init
 .init            0x00024c         0x7c c:/progra~1/microchip/xc16/v1.70/bin/bin/../../lib\liblega-pic30-elf.a(data_init_standard.o)
                  0x000252                  __data_init_standard
                  0x000252                  __data_init
 *(.user_init)
 *(.handle)
 *(.isr*)
 .isr.text        0x0002e0         0x4c ornek_11_1.o
                  0x0002e0                  __T1Interrupt
 .isr             0x00032c          0x4 default_isr
                  0x00032c                  __DefaultInterrupt
 *(.libc)
 .libc            0x000330         0x12 c:/progra~1/microchip/xc16/v1.70/bin/bin/../../lib\liblega-pic30-elf.a(close.Leo)
                  0x000330                  _close
 .libc            0x000342         0x84 c:/progra~1/microchip/xc16/v1.70/bin/bin/../../lib\liblega-pic30-elf.a(write.Leo)
                  0x000342                  _write
 .libc            0x0003c6         0x12 c:/progra~1/microchip/xc16/v1.70/bin/bin/../../lib\liblega-pic30-elf.a(remove.Leo)
                  0x0003c6                  _remove
 .libc            0x0003d8         0x28 c:/progra~1/microchip/xc16/v1.70/bin/bin/../../lib\liblega-pic30-elf.a(sbrk.Leo)
                  0x0003d8                  _sbrk
 .libc            0x000400         0x1a c:/progra~1/microchip/xc16/v1.70/bin/bin/../../lib\liblega-pic30-elf.a(brk.Lelo)
                  0x000400                  _brk
 *(.libm)
 *(.libdsp)
 *(.lib*)
 .libpic30_crt_start_mode
                  0x00041a          0x2 c:/progra~1/microchip/xc16/v1.70/bin/bin/../../lib\liblega-pic30-elf.a(crt_start_mode_normal.Leo)
                  0x00041a                  __crt_start_mode
                  0x00041a                  __crt_start_mode_normal
 .libc.eprout     0x00041c         0x1a c:/progra~1/microchip/xc16/v1.70/bin/bin/../../lib\liblega-c-elf.a(sprintf_cdfFnopuxX.XXeo)
                  0x00041c                  sprintf_cdfFnopuxX.XXeo:_eprout
 .libc.prout      0x000436          0xe c:/progra~1/microchip/xc16/v1.70/bin/bin/../../lib\liblega-c-elf.a(sprintf_cdfFnopuxX.XXeo)
                  0x000436                  sprintf_cdfFnopuxX.XXeo:_prout
 .libc._sprintf_cdfFnopuxX
                  0x000444         0x20 c:/progra~1/microchip/xc16/v1.70/bin/bin/../../lib\liblega-c-elf.a(sprintf_cdfFnopuxX.XXeo)
                  0x000444                  __sprintf_cdnopuxX
                  0x000444                  __sprintf_cdfFnopuxX
 .libc.eprout     0x000464         0x1e c:/progra~1/microchip/xc16/v1.70/bin/bin/../../lib\liblega-c-elf.a(xprintf_cdnopuxX.XXeo)
                  0x000464                  xprintf_cdnopuxX.XXeo:_eprout
 .libc.__ePrintf_cdnopuxX
                  0x000482        0x176 c:/progra~1/microchip/xc16/v1.70/bin/bin/../../lib\liblega-c-elf.a(xprintf_cdnopuxX.XXeo)
                  0x000482                  ___ePrintf_cdnopuxX
 .libc.__Printf_cdnopuxX
                  0x0005f8          0xa c:/progra~1/microchip/xc16/v1.70/bin/bin/../../lib\liblega-c-elf.a(xprintf_cdnopuxX.XXeo)
 .libc.memcpy     0x000602          0xe c:/progra~1/microchip/xc16/v1.70/bin/bin/../../lib\liblega-c-elf.a(memcpy.XX_eo)
                  0x000602                  _memcpy
 .libc.strchr     0x000610         0x18 c:/progra~1/microchip/xc16/v1.70/bin/bin/../../lib\liblega-c-elf.a(strchr.XX_eo)
                  0x000610                  _strchr
 .libc._Puttxt    0x000628        0x1b4 c:/progra~1/microchip/xc16/v1.70/bin/bin/../../lib\liblega-c-elf.a(xputtxt.XX_eo)
                  0x000628                  __Puttxt
 .libc._Vacopy    0x0007dc          0x4 c:/progra~1/microchip/xc16/v1.70/bin/bin/../../lib\liblega-c-elf.a(xvacopy.XX_eo)
                  0x0007dc                  __Vacopy
 .libc.efwrite    0x0007e0         0xd8 c:/progra~1/microchip/xc16/v1.70/bin/bin/../../lib\liblega-c-elf.a(efwrite.XX_eo)
                  0x0007e0                  _efwrite
 .libc._DNKfflush
                  0x0008b8         0x76 c:/progra~1/microchip/xc16/v1.70/bin/bin/../../lib\liblega-c-elf.a(fflush.XX_elo)
                  0x0008b8                  __DNKfflush
 .libc.eprout     0x00092e         0x1e c:/progra~1/microchip/xc16/v1.70/bin/bin/../../lib\liblega-c-elf.a(xprintf_cdfFnopuxX.XXeo)
                  0x00092e                  xprintf_cdfFnopuxX.XXeo:_eprout
 .libc.__ePrintf_cdfFnopuxX
                  0x00094c        0x176 c:/progra~1/microchip/xc16/v1.70/bin/bin/../../lib\liblega-c-elf.a(xprintf_cdfFnopuxX.XXeo)
                  0x00094c                  ___ePrintf_cdfFnopuxX
 .libc.__Printf_cdfFnopuxX
                  0x000ac2          0xa c:/progra~1/microchip/xc16/v1.70/bin/bin/../../lib\liblega-c-elf.a(xprintf_cdfFnopuxX.XXeo)
                  0x000ac2                  ___Printf_cdnopuxX
                  0x000ac2                  ___Printf_cdfFnopuxX
 .libc.__Putfld_cdfFnopuxX
                  0x000acc        0x2a6 c:/progra~1/microchip/xc16/v1.70/bin/bin/../../lib\liblega-c-elf.a(xputfld_cdfFnopuxX.XXeo)
                  0x000acc                  ___Putfld_cdfFnopuxX
                  0x000acc                  ___Putfld_cdnopuxX
 .libc.__Ldtob_cdfFnopuxX
                  0x000d72        0x250 c:/progra~1/microchip/xc16/v1.70/bin/bin/../../lib\liblega-c-elf.a(xldtob_cdfFnopuxX.XXeo)
                  0x000d72                  ___Ldtob_cdfFnopuxX
 .libc.__Genld_cdfFnopuxX
                  0x000fc2        0x208 c:/progra~1/microchip/xc16/v1.70/bin/bin/../../lib\liblega-c-elf.a(xgenld_cdfFnopuxX.XXeo)
                  0x000fc2                  ___Genld_cdfFnopuxX
 .libc.div        0x0011ca         0x16 c:/progra~1/microchip/xc16/v1.70/bin/bin/../../lib\liblega-c-elf.a(div.XX_eo)
                  0x0011ca                  _div
 .libc.ldiv       0x0011e0         0x2a c:/progra~1/microchip/xc16/v1.70/bin/bin/../../lib\liblega-c-elf.a(ldiv.XX_eo)
                  0x0011e0                  _ldiv
 .libc._Fwprep    0x00120a         0x8e c:/progra~1/microchip/xc16/v1.70/bin/bin/../../lib\liblega-c-elf.a(xfwprep.XX_eo)
                  0x00120a                  __Fwprep
 .libc._LDunscale
                  0x001298         0x54 c:/progra~1/microchip/xc16/v1.70/bin/bin/../../lib\liblega-c-elf.a(xldunsca.XX_eo)
                  0x001298                  __LDunscale
 .libc._Litob     0x0012ec        0x25e c:/progra~1/microchip/xc16/v1.70/bin/bin/../../lib\liblega-c-elf.a(xlitob.XX_eo)
                  0x0012ec                  __Litob
 .libc.closeallreg
                  0x00154a          0x4 c:/progra~1/microchip/xc16/v1.70/bin/bin/../../lib\liblega-c-elf.a(fclose.XX_elo)
 .libc._Closreg
                  0x00154e         0x12 c:/progra~1/microchip/xc16/v1.70/bin/bin/../../lib\liblega-c-elf.a(fclose.XX_elo)
                  0x00154e                  __Closreg
 .libc.fclose     0x001560         0x90 c:/progra~1/microchip/xc16/v1.70/bin/bin/../../lib\liblega-c-elf.a(fclose.XX_elo)
                  0x001560                  _fclose
 .libc.closeall
                  0x0015f0         0x20 c:/progra~1/microchip/xc16/v1.70/bin/bin/../../lib\liblega-c-elf.a(fclose.XX_elo)
                  0x0015f0                  fclose.XX_elo:_closeall
 .libc._Atexit    0x001610         0x18 c:/progra~1/microchip/xc16/v1.70/bin/bin/../../lib\liblega-c-elf.a(xatexit.XX_elo)
                  0x001610                  __Atexit
 .libc._Dnorm     0x001628         0x98 c:/progra~1/microchip/xc16/v1.70/bin/bin/../../lib\liblega-c-elf.a(xdnorm.XX_elo)
                  0x001628                  __Dnorm
 .libc.free       0x0016c0         0x64 c:/progra~1/microchip/xc16/v1.70/bin/bin/../../lib\liblega-c-elf.a(free.XX_eo)
                  0x0016c0                  _free
 .libc.findmem    0x001724         0x66 c:/progra~1/microchip/xc16/v1.70/bin/bin/../../lib\liblega-c-elf.a(malloc.XX_eo)
 .libc.malloc     0x00178a         0x54 c:/progra~1/microchip/xc16/v1.70/bin/bin/../../lib\liblega-c-elf.a(malloc.XX_eo)
                  0x00178a                  _malloc
 .libc._Getmem    0x0017de         0x14 c:/progra~1/microchip/xc16/v1.70/bin/bin/../../lib\liblega-c-elf.a(xgetmem.XX_eo)
                  0x0017de                  __Getmem
 .libc.doclose    0x0017f2          0x4 c:/progra~1/microchip/xc16/v1.70/bin/bin/../../lib\liblega-pic30-elf.a(close.Leo)
 .libc.dowrite    0x0017f6          0x4 c:/progra~1/microchip/xc16/v1.70/bin/bin/../../lib\liblega-pic30-elf.a(write.Leo)
 .libc.doremove
                  0x0017fa          0x4 c:/progra~1/microchip/xc16/v1.70/bin/bin/../../lib\liblega-pic30-elf.a(remove.Leo)
 .libc.memcpy_eds
                  0x0017fe         0x3a c:/progra~1/microchip/xc16/v1.70/bin/bin/../../lib\liblega-pic30-elf.a(memcpy_eds.Leo)
                  0x0017fe                  __memcpy_eds_3
                  0x0017fe                  __memcpy_eds
 .libc._memchr_eds
                  0x001838         0x36 c:/progra~1/microchip/xc16/v1.70/bin/bin/../../lib\liblega-pic30-elf.a(memchr_eds.Leo)
                  0x001838                  __memchr_eds
 .libm.eqdf2      0x00186e          0xa c:/progra~1/microchip/xc16/v1.70/bin/bin/../../lib\libm-elf.a(deqltle.eo)
                  0x00186e                  ___eqdf2
                  0x00186e                  ___ltdf2
                  0x00186e                  ___ledf2
 .libm.gtdf2      0x001878          0xa c:/progra~1/microchip/xc16/v1.70/bin/bin/../../lib\libm-elf.a(dgtge.eo)
                  0x001878                  ___gtdf2
                  0x001878                  ___gedf2
 .libm.divdf3     0x001882         0xb4 c:/progra~1/microchip/xc16/v1.70/bin/bin/../../lib\libm-elf.a(divdf3.eo)
                  0x001882                  ___divdf3
 .libm.divsi3     0x001936         0x1e c:/progra~1/microchip/xc16/v1.70/bin/bin/../../lib\libm-elf.a(divsi3.eo)
                  0x001936                  ___divsi3
 .libm.dpack      0x001954         0x58 c:/progra~1/microchip/xc16/v1.70/bin/bin/../../lib\libm-elf.a(dpack.eo)
                  0x001954                  __dpack
 .libm.dunpack2
                  0x0019ac         0x32 c:/progra~1/microchip/xc16/v1.70/bin/bin/../../lib\libm-elf.a(dunpack2.eo)
                  0x0019ac                  __dunpack2
                  0x0019ce                  __dreturnNaN
                  0x0019d4                  __dunpack2exit
 .libm.extendsfdf2
                  0x0019de         0x3e c:/progra~1/microchip/xc16/v1.70/bin/bin/../../lib\libm-elf.a(extendsfdf.eo)
                  0x0019de                  ___extendsfdf2
 .libm.fixdfsi    0x001a1c         0x58 c:/progra~1/microchip/xc16/v1.70/bin/bin/../../lib\libm-elf.a(fixdfsi.eo)
                  0x001a1c                  _(float, int, long long, double, float, short, int)
 .libm.floatsidf
                  0x001a74          0x6 c:/progra~1/microchip/xc16/v1.70/bin/bin/../../lib\libm-elf.a(floatsidf.eo)
                  0x001a74                  ___floatsidf
 .libm.funpack    0x001a7a         0x2a c:/progra~1/microchip/xc16/v1.70/bin/bin/../../lib\libm-elf.a(funpack.eo)
                  0x001a7a                  __funpack
 .libm.muldf3     0x001aa4         0xec c:/progra~1/microchip/xc16/v1.70/bin/bin/../../lib\libm-elf.a(muldf3.eo)
                  0x001aa4                  ___muldf3
 .libm.subdf3     0x001b90          0x4 c:/progra~1/microchip/xc16/v1.70/bin/bin/../../lib\libm-elf.a(subdf3.eo)
                  0x001b90                  ___subdf3
 .libm.udivsi3    0x001b94         0x20 c:/progra~1/microchip/xc16/v1.70/bin/bin/../../lib\libm-elf.a(udivsi3.eo)
                  0x001b94                  ___udivsi3
 .libm.umodsi3    0x001bb4          0x6 c:/progra~1/microchip/xc16/v1.70/bin/bin/../../lib\libm-elf.a(umodsi3.eo)
                  0x001bb4                  ___umodsi3
 .libm.mulsi3     0x001bba          0xc c:/progra~1/microchip/xc16/v1.70/bin/bin/../../lib\libm-elf.a(mulsi3.eo)
                  0x001bba                  ___mulp32peds3
                  0x001bba                  ___mulsi3
                  0x001bba                  ___mulp32eds3
 .libm.__PplusBdi
                  0x001bc6         0x26 c:/progra~1/microchip/xc16/v1.70/bin/bin/../../lib\libm-elf.a(divmoddi3.eo)
 .libm.__PminusBdi
                  0x001bec         0x26 c:/progra~1/microchip/xc16/v1.70/bin/bin/../../lib\libm-elf.a(divmoddi3.eo)
 .libm.__udivmoddi3
                  0x001c12         0xe6 c:/progra~1/microchip/xc16/v1.70/bin/bin/../../lib\libm-elf.a(divmoddi3.eo)
                  0x001c12                  ___udivmoddi3
 .libm.__udivdi3
                  0x001cf8          0xe c:/progra~1/microchip/xc16/v1.70/bin/bin/../../lib\libm-elf.a(divmoddi3.eo)
                  0x001cf8                  ___udivdi3
 .libm.__umoddi3
                  0x001d06          0x8 c:/progra~1/microchip/xc16/v1.70/bin/bin/../../lib\libm-elf.a(divmoddi3.eo)
                  0x001d06                  ___umoddi3
 .libm.__divdi3
                  0x001d0e         0x60 c:/progra~1/microchip/xc16/v1.70/bin/bin/../../lib\libm-elf.a(divmoddi3.eo)
                  0x001d0e                  ___divdi3
 .libm.__moddi3
                  0x001d6e         0x5c c:/progra~1/microchip/xc16/v1.70/bin/bin/../../lib\libm-elf.a(divmoddi3.eo)
                  0x001d6e                  ___moddi3
 *fill*           0x001dca          0x400
 .libm.adddf3     0x001dcc         0xfc c:/progra~1/microchip/xc16/v1.70/bin/bin/../../lib\libm-elf.a(adddf3.eo)
                  0x001dcc                  ___adddf3
 .libm.dcompare
                  0x001ec8         0x52 c:/progra~1/microchip/xc16/v1.70/bin/bin/../../lib\libm-elf.a(dcompare.eo)
                  0x001ec8                  __dcompare
 .libm.dPropagateNaN
                  0x001f1a         0x1c c:/progra~1/microchip/xc16/v1.70/bin/bin/../../lib\libm-elf.a(dpropagateNaN.eo)
                  0x001f1a                  __dPropagateNaN
 .libm.dtype      0x001f36         0x24 c:/progra~1/microchip/xc16/v1.70/bin/bin/../../lib\libm-elf.a(dtype.eo)
                  0x001f36                  __dtype
 .libm.dunpack    0x001f5a         0x4e c:/progra~1/microchip/xc16/v1.70/bin/bin/../../lib\libm-elf.a(dunpack.eo)
                  0x001f5a                  __dunpack
 .libm.floatdidf
                  0x001fa8         0x20 c:/progra~1/microchip/xc16/v1.70/bin/bin/../../lib\libm-elf.a(floatdidf.eo)
                  0x001fa8                  ___floatdidf
 .libm.floatundidf
                  0x001fc8         0x56 c:/progra~1/microchip/xc16/v1.70/bin/bin/../../lib\libm-elf.a(floatundidf.eo)
                  0x001fc8                  ___floatundidf

usercode
 *(usercode)

__FBS
 *(__FBS.sec*)

__FGS
 *(__FGS.sec*)

__FOSCSEL
 *(__FOSCSEL.sec*)

__FOSC
 *(__FOSC.sec*)

__FWDT
 *(__FWDT.sec*)

__FPOR
 *(__FPOR.sec*)

__FICD
 *(__FICD.sec*)

__FUID0
 *(__FUID0.sec*)

__FUID1
 *(__FUID1.sec*)

__FUID2
 *(__FUID2.sec*)

__FUID3
 *(__FUID3.sec*)

.comment          0x000000         0x5e
 *(.comment)
 .comment         0x000000         0x5e c:/progra~1/microchip/xc16/v1.70/bin/bin/../../lib\liblega-c-elf.a(xfiles.XX_elo)

.debug_info
 *(.debug_info)
 *(.gnu.linkonce.wi.*)

.debug_abbrev
 *(.debug_abbrev)

.debug_line
 *(.debug_line)

.debug_frame
 *(.debug_frame)

.debug_str
 *(.debug_str)

.debug_loc
 *(.debug_loc)

.debug_macinfo
 *(.debug_macinfo)

.debug_pubnames
 *(.debug_pubnames)

.debug_ranges
 *(.debug_ranges)

.debug_aranges
 *(.debug_aranges)
                    0x0000                  WREG0 = 0x0
                    0x0000                  _WREG0 = 0x0
                    0x0002                  WREG1 = 0x2
                    0x0002                  _WREG1 = 0x2
                    0x0004                  WREG2 = 0x4
                    0x0004                  _WREG2 = 0x4
                    0x0006                  WREG3 = 0x6
                    0x0006                  _WREG3 = 0x6
                    0x0008                  WREG4 = 0x8
                    0x0008                  _WREG4 = 0x8
                    0x000a                  WREG5 = 0xa
                    0x000a                  _WREG5 = 0xa
                    0x000c                  WREG6 = 0xc
                    0x000c                  _WREG6 = 0xc
                    0x000e                  WREG7 = 0xe
                    0x000e                  _WREG7 = 0xe
                    0x0010                  WREG8 = 0x10
                    0x0010                  _WREG8 = 0x10
                    0x0012                  WREG9 = 0x12
                    0x0012                  _WREG9 = 0x12
                    0x0014                  WREG10 = 0x14
                    0x0014                  _WREG10 = 0x14
                    0x0016                  WREG11 = 0x16
                    0x0016                  _WREG11 = 0x16
                    0x0018                  WREG12 = 0x18
                    0x0018                  _WREG12 = 0x18
                    0x001a                  WREG13 = 0x1a
                    0x001a                  _WREG13 = 0x1a
                    0x001c                  WREG14 = 0x1c
                    0x001c                  _WREG14 = 0x1c
                    0x001e                  WREG15 = 0x1e
                    0x001e                  _WREG15 = 0x1e
                    0x0020                  SPLIM = 0x20
                    0x0020                  _SPLIM = 0x20
                    0x0022                  ACCAL = 0x22
                    0x0022                  _ACCAL = 0x22
                    0x0024                  ACCAH = 0x24
                    0x0024                  _ACCAH = 0x24
                    0x0026                  ACCAU = 0x26
                    0x0026                  _ACCAU = 0x26
                    0x0028                  ACCBL = 0x28
                    0x0028                  _ACCBL = 0x28
                    0x002a                  ACCBH = 0x2a
                    0x002a                  _ACCBH = 0x2a
                    0x002c                  ACCBU = 0x2c
                    0x002c                  _ACCBU = 0x2c
                    0x002e                  PCL = 0x2e
                    0x002e                  _PCL = 0x2e
                    0x0030                  PCH = 0x30
                    0x0030                  _PCH = 0x30
                    0x0032                  TBLPAG = 0x32
                    0x0032                  _TBLPAG = 0x32
                    0x0034                  PSVPAG = 0x34
                    0x0034                  _PSVPAG = 0x34
                    0x0036                  RCOUNT = 0x36
                    0x0036                  _RCOUNT = 0x36
                    0x0038                  DCOUNT = 0x38
                    0x0038                  _DCOUNT = 0x38
                    0x003a                  DOSTARTL = 0x3a
                    0x003a                  _DOSTARTL = 0x3a
                    0x003c                  DOSTARTH = 0x3c
                    0x003c                  _DOSTARTH = 0x3c
                    0x003e                  DOENDL = 0x3e
                    0x003e                  _DOENDL = 0x3e
                    0x0040                  DOENDH = 0x40
                    0x0040                  _DOENDH = 0x40
                    0x0042                  SR = 0x42
                    0x0042                  _SR = 0x42
                    0x0042                  _SRbits = 0x42
                    0x0044                  CORCON = 0x44
                    0x0044                  _CORCON = 0x44
                    0x0044                  _CORCONbits = 0x44
                    0x0046                  MODCON = 0x46
                    0x0046                  _MODCON = 0x46
                    0x0046                  _MODCONbits = 0x46
                    0x0048                  XMODSRT = 0x48
                    0x0048                  _XMODSRT = 0x48
                    0x004a                  XMODEND = 0x4a
                    0x004a                  _XMODEND = 0x4a
                    0x004c                  YMODSRT = 0x4c
                    0x004c                  _YMODSRT = 0x4c
                    0x004e                  YMODEND = 0x4e
                    0x004e                  _YMODEND = 0x4e
                    0x0050                  XBREV = 0x50
                    0x0050                  _XBREV = 0x50
                    0x0050                  _XBREVbits = 0x50
                    0x0052                  DISICNT = 0x52
                    0x0052                  _DISICNT = 0x52
                    0x0060                  CNEN1 = 0x60
                    0x0060                  _CNEN1 = 0x60
                    0x0060                  _CNEN1bits = 0x60
                    0x0062                  CNEN2 = 0x62
                    0x0062                  _CNEN2 = 0x62
                    0x0062                  _CNEN2bits = 0x62
                    0x0068                  CNPU1 = 0x68
                    0x0068                  _CNPU1 = 0x68
                    0x0068                  _CNPU1bits = 0x68
                    0x006a                  CNPU2 = 0x6a
                    0x006a                  _CNPU2 = 0x6a
                    0x006a                  _CNPU2bits = 0x6a
                    0x0080                  INTCON1 = 0x80
                    0x0080                  _INTCON1 = 0x80
                    0x0080                  _INTCON1bits = 0x80
                    0x0082                  INTCON2 = 0x82
                    0x0082                  _INTCON2 = 0x82
                    0x0082                  _INTCON2bits = 0x82
                    0x0084                  IFS0 = 0x84
                    0x0084                  _IFS0 = 0x84
                    0x0084                  _IFS0bits = 0x84
                    0x0086                  IFS1 = 0x86
                    0x0086                  _IFS1 = 0x86
                    0x0086                  _IFS1bits = 0x86
                    0x008a                  IFS3 = 0x8a
                    0x008a                  _IFS3 = 0x8a
                    0x008a                  _IFS3bits = 0x8a
                    0x008c                  IFS4 = 0x8c
                    0x008c                  _IFS4 = 0x8c
                    0x008c                  _IFS4bits = 0x8c
                    0x0094                  IEC0 = 0x94
                    0x0094                  _IEC0 = 0x94
                    0x0094                  _IEC0bits = 0x94
                    0x0096                  IEC1 = 0x96
                    0x0096                  _IEC1 = 0x96
                    0x0096                  _IEC1bits = 0x96
                    0x009a                  IEC3 = 0x9a
                    0x009a                  _IEC3 = 0x9a
                    0x009a                  _IEC3bits = 0x9a
                    0x009c                  IEC4 = 0x9c
                    0x009c                  _IEC4 = 0x9c
                    0x009c                  _IEC4bits = 0x9c
                    0x00a4                  IPC0 = 0xa4
                    0x00a4                  _IPC0 = 0xa4
                    0x00a4                  _IPC0bits = 0xa4
                    0x00a6                  IPC1 = 0xa6
                    0x00a6                  _IPC1 = 0xa6
                    0x00a6                  _IPC1bits = 0xa6
                    0x00a8                  IPC2 = 0xa8
                    0x00a8                  _IPC2 = 0xa8
                    0x00a8                  _IPC2bits = 0xa8
                    0x00aa                  IPC3 = 0xaa
                    0x00aa                  _IPC3 = 0xaa
                    0x00aa                  _IPC3bits = 0xaa
                    0x00ac                  IPC4 = 0xac
                    0x00ac                  _IPC4 = 0xac
                    0x00ac                  _IPC4bits = 0xac
                    0x00ae                  IPC5 = 0xae
                    0x00ae                  _IPC5 = 0xae
                    0x00ae                  _IPC5bits = 0xae
                    0x00b2                  IPC7 = 0xb2
                    0x00b2                  _IPC7 = 0xb2
                    0x00b2                  _IPC7bits = 0xb2
                    0x00c0                  IPC14 = 0xc0
                    0x00c0                  _IPC14 = 0xc0
                    0x00c0                  _IPC14bits = 0xc0
                    0x00c2                  IPC15 = 0xc2
                    0x00c2                  _IPC15 = 0xc2
                    0x00c2                  _IPC15bits = 0xc2
                    0x00c4                  IPC16 = 0xc4
                    0x00c4                  _IPC16 = 0xc4
                    0x00c4                  _IPC16bits = 0xc4
                    0x00c8                  IPC18 = 0xc8
                    0x00c8                  _IPC18 = 0xc8
                    0x00c8                  _IPC18bits = 0xc8
                    0x00e0                  INTTREG = 0xe0
                    0x00e0                  _INTTREG = 0xe0
                    0x00e0                  _INTTREGbits = 0xe0
                    0x0100                  TMR1 = 0x100
                    0x0100                  _TMR1 = 0x100
                    0x0102                  PR1 = 0x102
                    0x0102                  _PR1 = 0x102
                    0x0104                  T1CON = 0x104
                    0x0104                  _T1CON = 0x104
                    0x0104                  _T1CONbits = 0x104
                    0x0106                  TMR2 = 0x106
                    0x0106                  _TMR2 = 0x106
                    0x0108                  TMR3HLD = 0x108
                    0x0108                  _TMR3HLD = 0x108
                    0x010a                  TMR3 = 0x10a
                    0x010a                  _TMR3 = 0x10a
                    0x010c                  PR2 = 0x10c
                    0x010c                  _PR2 = 0x10c
                    0x010e                  PR3 = 0x10e
                    0x010e                  _PR3 = 0x10e
                    0x0110                  T2CON = 0x110
                    0x0110                  _T2CON = 0x110
                    0x0110                  _T2CONbits = 0x110
                    0x0112                  T3CON = 0x112
                    0x0112                  _T3CON = 0x112
                    0x0112                  _T3CONbits = 0x112
                    0x0140                  IC1BUF = 0x140
                    0x0140                  _IC1BUF = 0x140
                    0x0142                  IC1CON = 0x142
                    0x0142                  _IC1CON = 0x142
                    0x0142                  _IC1CONbits = 0x142
                    0x0144                  IC2BUF = 0x144
                    0x0144                  _IC2BUF = 0x144
                    0x0146                  IC2CON = 0x146
                    0x0146                  _IC2CON = 0x146
                    0x0146                  _IC2CONbits = 0x146
                    0x0158                  IC7BUF = 0x158
                    0x0158                  _IC7BUF = 0x158
                    0x015a                  IC7CON = 0x15a
                    0x015a                  _IC7CON = 0x15a
                    0x015a                  _IC7CONbits = 0x15a
                    0x015c                  IC8BUF = 0x15c
                    0x015c                  _IC8BUF = 0x15c
                    0x015e                  IC8CON = 0x15e
                    0x015e                  _IC8CON = 0x15e
                    0x015e                  _IC8CONbits = 0x15e
                    0x0180                  OC1RS = 0x180
                    0x0180                  _OC1RS = 0x180
                    0x0182                  OC1R = 0x182
                    0x0182                  _OC1R = 0x182
                    0x0184                  OC1CON = 0x184
                    0x0184                  _OC1CON = 0x184
                    0x0184                  _OC1CONbits = 0x184
                    0x0186                  OC2RS = 0x186
                    0x0186                  _OC2RS = 0x186
                    0x0188                  OC2R = 0x188
                    0x0188                  _OC2R = 0x188
                    0x018a                  OC2CON = 0x18a
                    0x018a                  _OC2CON = 0x18a
                    0x018a                  _OC2CONbits = 0x18a
                    0x01c0                  P1TCON = 0x1c0
                    0x01c0                  _P1TCON = 0x1c0
                    0x01c0                  _P1TCONbits = 0x1c0
                    0x01c0                  PTCON = 0x1c0
                    0x01c0                  _PTCON = 0x1c0
                    0x01c0                  _PTCONbits = 0x1c0
                    0x01c2                  P1TMR = 0x1c2
                    0x01c2                  _P1TMR = 0x1c2
                    0x01c2                  _P1TMRbits = 0x1c2
                    0x01c2                  PTMR = 0x1c2
                    0x01c2                  _PTMR = 0x1c2
                    0x01c2                  _PTMRbits = 0x1c2
                    0x01c4                  P1TPER = 0x1c4
                    0x01c4                  _P1TPER = 0x1c4
                    0x01c4                  _P1TPERbits = 0x1c4
                    0x01c4                  PTPER = 0x1c4
                    0x01c4                  _PTPER = 0x1c4
                    0x01c4                  _PTPERbits = 0x1c4
                    0x01c6                  P1SECMP = 0x1c6
                    0x01c6                  _P1SECMP = 0x1c6
                    0x01c6                  _P1SECMPbits = 0x1c6
                    0x01c6                  SEVTCMP = 0x1c6
                    0x01c6                  _SEVTCMP = 0x1c6
                    0x01c6                  _SEVTCMPbits = 0x1c6
                    0x01c8                  PWM1CON1 = 0x1c8
                    0x01c8                  _PWM1CON1 = 0x1c8
                    0x01c8                  _PWM1CON1bits = 0x1c8
                    0x01c8                  PWMCON1 = 0x1c8
                    0x01c8                  _PWMCON1 = 0x1c8
                    0x01c8                  _PWMCON1bits = 0x1c8
                    0x01ca                  PWM1CON2 = 0x1ca
                    0x01ca                  _PWM1CON2 = 0x1ca
                    0x01ca                  _PWM1CON2bits = 0x1ca
                    0x01ca                  PWMCON2 = 0x1ca
                    0x01ca                  _PWMCON2 = 0x1ca
                    0x01ca                  _PWMCON2bits = 0x1ca
                    0x01cc                  DTCON1 = 0x1cc
                    0x01cc                  _DTCON1 = 0x1cc
                    0x01cc                  _DTCON1bits = 0x1cc
                    0x01cc                  P1DTCON1 = 0x1cc
                    0x01cc                  _P1DTCON1 = 0x1cc
                    0x01cc                  _P1DTCON1bits = 0x1cc
                    0x01ce                  DTCON2 = 0x1ce
                    0x01ce                  _DTCON2 = 0x1ce
                    0x01ce                  _DTCON2bits = 0x1ce
                    0x01ce                  P1DTCON2 = 0x1ce
                    0x01ce                  _P1DTCON2 = 0x1ce
                    0x01ce                  _P1DTCON2bits = 0x1ce
                    0x01d0                  FLTACON = 0x1d0
                    0x01d0                  _FLTACON = 0x1d0
                    0x01d0                  _FLTACONbits = 0x1d0
                    0x01d0                  P1FLTACON = 0x1d0
                    0x01d0                  _P1FLTACON = 0x1d0
                    0x01d0                  _P1FLTACONbits = 0x1d0
                    0x01d4                  OVDCON = 0x1d4
                    0x01d4                  _OVDCON = 0x1d4
                    0x01d4                  _OVDCONbits = 0x1d4
                    0x01d4                  P1OVDCON = 0x1d4
                    0x01d4                  _P1OVDCON = 0x1d4
                    0x01d4                  _P1OVDCONbits = 0x1d4
                    0x01d6                  P1DC1 = 0x1d6
                    0x01d6                  _P1DC1 = 0x1d6
                    0x01d6                  PDC1 = 0x1d6
                    0x01d6                  _PDC1 = 0x1d6
                    0x01d8                  P1DC2 = 0x1d8
                    0x01d8                  _P1DC2 = 0x1d8
                    0x01d8                  PDC2 = 0x1d8
                    0x01d8                  _PDC2 = 0x1d8
                    0x01da                  P1DC3 = 0x1da
                    0x01da                  _P1DC3 = 0x1da
                    0x01da                  PDC3 = 0x1da
                    0x01da                  _PDC3 = 0x1da
                    0x01e0                  QEI1CON = 0x1e0
                    0x01e0                  _QEI1CON = 0x1e0
                    0x01e0                  _QEI1CONbits = 0x1e0
                    0x01e0                  QEICON = 0x1e0
                    0x01e0                  _QEICON = 0x1e0
                    0x01e0                  _QEICONbits = 0x1e0
                    0x01e2                  DFLT1CON = 0x1e2
                    0x01e2                  _DFLT1CON = 0x1e2
                    0x01e2                  _DFLT1CONbits = 0x1e2
                    0x01e2                  DFLTCON = 0x1e2
                    0x01e2                  _DFLTCON = 0x1e2
                    0x01e2                  _DFLTCONbits = 0x1e2
                    0x01e4                  POS1CNT = 0x1e4
                    0x01e4                  _POS1CNT = 0x1e4
                    0x01e4                  POSCNT = 0x1e4
                    0x01e4                  _POSCNT = 0x1e4
                    0x01e6                  MAX1CNT = 0x1e6
                    0x01e6                  _MAX1CNT = 0x1e6
                    0x01e6                  MAXCNT = 0x1e6
                    0x01e6                  _MAXCNT = 0x1e6
                    0x0200                  I2C1RCV = 0x200
                    0x0200                  _I2C1RCV = 0x200
                    0x0200                  I2CRCV = 0x200
                    0x0200                  _I2CRCV = 0x200
                    0x0202                  I2C1TRN = 0x202
                    0x0202                  _I2C1TRN = 0x202
                    0x0202                  I2CTRN = 0x202
                    0x0202                  _I2CTRN = 0x202
                    0x0204                  I2C1BRG = 0x204
                    0x0204                  _I2C1BRG = 0x204
                    0x0206                  I2C1CON = 0x206
                    0x0206                  _I2C1CON = 0x206
                    0x0206                  _I2C1CONbits = 0x206
                    0x0206                  I2CCON = 0x206
                    0x0206                  _I2CCON = 0x206
                    0x0206                  _I2CCONbits = 0x206
                    0x0208                  I2C1STAT = 0x208
                    0x0208                  _I2C1STAT = 0x208
                    0x0208                  _I2C1STATbits = 0x208
                    0x0208                  I2CSTAT = 0x208
                    0x0208                  _I2CSTAT = 0x208
                    0x0208                  _I2CSTATbits = 0x208
                    0x020a                  I2C1ADD = 0x20a
                    0x020a                  _I2C1ADD = 0x20a
                    0x020a                  I2CADD = 0x20a
                    0x020a                  _I2CADD = 0x20a
                    0x020c                  I2C1MSK = 0x20c
                    0x020c                  _I2C1MSK = 0x20c
                    0x0220                  U1MODE = 0x220
                    0x0220                  _U1MODE = 0x220
                    0x0220                  _U1MODEbits = 0x220
                    0x0222                  U1STA = 0x222
                    0x0222                  _U1STA = 0x222
                    0x0222                  _U1STAbits = 0x222
                    0x0224                  U1TXREG = 0x224
                    0x0224                  _U1TXREG = 0x224
                    0x0224                  _U1TXREGbits = 0x224
                    0x0226                  U1RXREG = 0x226
                    0x0226                  _U1RXREG = 0x226
                    0x0226                  _U1RXREGbits = 0x226
                    0x0228                  U1BRG = 0x228
                    0x0228                  _U1BRG = 0x228
                    0x0240                  SPI1STAT = 0x240
                    0x0240                  _SPI1STAT = 0x240
                    0x0240                  _SPI1STATbits = 0x240
                    0x0242                  SPI1CON1 = 0x242
                    0x0242                  _SPI1CON1 = 0x242
                    0x0242                  _SPI1CON1bits = 0x242
                    0x0244                  SPI1CON2 = 0x244
                    0x0244                  _SPI1CON2 = 0x244
                    0x0244                  _SPI1CON2bits = 0x244
                    0x0248                  SPI1BUF = 0x248
                    0x0248                  _SPI1BUF = 0x248
                    0x02c0                  TRISA = 0x2c0
                    0x02c0                  _TRISA = 0x2c0
                    0x02c0                  _TRISAbits = 0x2c0
                    0x02c2                  PORTA = 0x2c2
                    0x02c2                  _PORTA = 0x2c2
                    0x02c2                  _PORTAbits = 0x2c2
                    0x02c4                  LATA = 0x2c4
                    0x02c4                  _LATA = 0x2c4
                    0x02c4                  _LATAbits = 0x2c4
                    0x02c6                  ODCA = 0x2c6
                    0x02c6                  _ODCA = 0x2c6
                    0x02c6                  _ODCAbits = 0x2c6
                    0x02c8                  TRISB = 0x2c8
                    0x02c8                  _TRISB = 0x2c8
                    0x02c8                  _TRISBbits = 0x2c8
                    0x02ca                  PORTB = 0x2ca
                    0x02ca                  _PORTB = 0x2ca
                    0x02ca                  _PORTBbits = 0x2ca
                    0x02cc                  LATB = 0x2cc
                    0x02cc                  _LATB = 0x2cc
                    0x02cc                  _LATBbits = 0x2cc
                    0x02ce                  ODCB = 0x2ce
                    0x02ce                  _ODCB = 0x2ce
                    0x02ce                  _ODCBbits = 0x2ce
                    0x02d0                  TRISC = 0x2d0
                    0x02d0                  _TRISC = 0x2d0
                    0x02d0                  _TRISCbits = 0x2d0
                    0x02d2                  PORTC = 0x2d2
                    0x02d2                  _PORTC = 0x2d2
                    0x02d2                  _PORTCbits = 0x2d2
                    0x02d4                  LATC = 0x2d4
                    0x02d4                  _LATC = 0x2d4
                    0x02d4                  _LATCbits = 0x2d4
                    0x02d6                  ODCC = 0x2d6
                    0x02d6                  _ODCC = 0x2d6
                    0x02d6                  _ODCCbits = 0x2d6
                    0x0300                  ADC1BUF0 = 0x300
                    0x0300                  _ADC1BUF0 = 0x300
                    0x0300                  ADCBUF0 = 0x300
                    0x0300                  _ADCBUF0 = 0x300
                    0x0302                  ADC1BUF1 = 0x302
                    0x0302                  _ADC1BUF1 = 0x302
                    0x0302                  ADCBUF1 = 0x302
                    0x0302                  _ADCBUF1 = 0x302
                    0x0304                  ADC1BUF2 = 0x304
                    0x0304                  _ADC1BUF2 = 0x304
                    0x0304                  ADCBUF2 = 0x304
                    0x0304                  _ADCBUF2 = 0x304
                    0x0306                  ADC1BUF3 = 0x306
                    0x0306                  _ADC1BUF3 = 0x306
                    0x0306                  ADCBUF3 = 0x306
                    0x0306                  _ADCBUF3 = 0x306
                    0x0308                  ADC1BUF4 = 0x308
                    0x0308                  _ADC1BUF4 = 0x308
                    0x0308                  ADCBUF4 = 0x308
                    0x0308                  _ADCBUF4 = 0x308
                    0x030a                  ADC1BUF5 = 0x30a
                    0x030a                  _ADC1BUF5 = 0x30a
                    0x030a                  ADCBUF5 = 0x30a
                    0x030a                  _ADCBUF5 = 0x30a
                    0x030c                  ADC1BUF6 = 0x30c
                    0x030c                  _ADC1BUF6 = 0x30c
                    0x030c                  ADCBUF6 = 0x30c
                    0x030c                  _ADCBUF6 = 0x30c
                    0x030e                  ADC1BUF7 = 0x30e
                    0x030e                  _ADC1BUF7 = 0x30e
                    0x030e                  ADCBUF7 = 0x30e
                    0x030e                  _ADCBUF7 = 0x30e
                    0x0310                  ADC1BUF8 = 0x310
                    0x0310                  _ADC1BUF8 = 0x310
                    0x0310                  ADCBUF8 = 0x310
                    0x0310                  _ADCBUF8 = 0x310
                    0x0312                  ADC1BUF9 = 0x312
                    0x0312                  _ADC1BUF9 = 0x312
                    0x0312                  ADCBUF9 = 0x312
                    0x0312                  _ADCBUF9 = 0x312
                    0x0314                  ADC1BUFA = 0x314
                    0x0314                  _ADC1BUFA = 0x314
                    0x0314                  ADCBUFA = 0x314
                    0x0314                  _ADCBUFA = 0x314
                    0x0316                  ADC1BUFB = 0x316
                    0x0316                  _ADC1BUFB = 0x316
                    0x0316                  ADCBUFB = 0x316
                    0x0316                  _ADCBUFB = 0x316
                    0x0318                  ADC1BUFC = 0x318
                    0x0318                  _ADC1BUFC = 0x318
                    0x0318                  ADCBUFC = 0x318
                    0x0318                  _ADCBUFC = 0x318
                    0x031a                  ADC1BUFD = 0x31a
                    0x031a                  _ADC1BUFD = 0x31a
                    0x031a                  ADCBUFD = 0x31a
                    0x031a                  _ADCBUFD = 0x31a
                    0x031c                  ADC1BUFE = 0x31c
                    0x031c                  _ADC1BUFE = 0x31c
                    0x031c                  ADCBUFE = 0x31c
                    0x031c                  _ADCBUFE = 0x31c
                    0x031e                  ADC1BUFF = 0x31e
                    0x031e                  _ADC1BUFF = 0x31e
                    0x031e                  ADCBUFF = 0x31e
                    0x031e                  _ADCBUFF = 0x31e
                    0x0320                  AD1CON1 = 0x320
                    0x0320                  _AD1CON1 = 0x320
                    0x0320                  _AD1CON1bits = 0x320
                    0x0322                  AD1CON2 = 0x322
                    0x0322                  _AD1CON2 = 0x322
                    0x0322                  _AD1CON2bits = 0x322
                    0x0324                  AD1CON3 = 0x324
                    0x0324                  _AD1CON3 = 0x324
                    0x0324                  _AD1CON3bits = 0x324
                    0x0326                  AD1CHS123 = 0x326
                    0x0326                  _AD1CHS123 = 0x326
                    0x0326                  _AD1CHS123bits = 0x326
                    0x0328                  AD1CHS0 = 0x328
                    0x0328                  _AD1CHS0 = 0x328
                    0x0328                  _AD1CHS0bits = 0x328
                    0x032c                  AD1PCFGL = 0x32c
                    0x032c                  _AD1PCFGL = 0x32c
                    0x032c                  _AD1PCFGLbits = 0x32c
                    0x032c                  ADPCFG = 0x32c
                    0x032c                  _ADPCFG = 0x32c
                    0x032c                  _ADPCFGbits = 0x32c
                    0x0330                  AD1CSSL = 0x330
                    0x0330                  _AD1CSSL = 0x330
                    0x0330                  _AD1CSSLbits = 0x330
                    0x05c0                  P2TCON = 0x5c0
                    0x05c0                  _P2TCON = 0x5c0
                    0x05c0                  _P2TCONbits = 0x5c0
                    0x05c2                  P2TMR = 0x5c2
                    0x05c2                  _P2TMR = 0x5c2
                    0x05c2                  _P2TMRbits = 0x5c2
                    0x05c4                  P2TPER = 0x5c4
                    0x05c4                  _P2TPER = 0x5c4
                    0x05c4                  _P2TPERbits = 0x5c4
                    0x05c6                  P2SECMP = 0x5c6
                    0x05c6                  _P2SECMP = 0x5c6
                    0x05c6                  _P2SECMPbits = 0x5c6
                    0x05c8                  PWM2CON1 = 0x5c8
                    0x05c8                  _PWM2CON1 = 0x5c8
                    0x05c8                  _PWM2CON1bits = 0x5c8
                    0x05ca                  PWM2CON2 = 0x5ca
                    0x05ca                  _PWM2CON2 = 0x5ca
                    0x05ca                  _PWM2CON2bits = 0x5ca
                    0x05cc                  P2DTCON1 = 0x5cc
                    0x05cc                  _P2DTCON1 = 0x5cc
                    0x05cc                  _P2DTCON1bits = 0x5cc
                    0x05ce                  P2DTCON2 = 0x5ce
                    0x05ce                  _P2DTCON2 = 0x5ce
                    0x05ce                  _P2DTCON2bits = 0x5ce
                    0x05d0                  P2FLTACON = 0x5d0
                    0x05d0                  _P2FLTACON = 0x5d0
                    0x05d0                  _P2FLTACONbits = 0x5d0
                    0x05d4                  P2OVDCON = 0x5d4
                    0x05d4                  _P2OVDCON = 0x5d4
                    0x05d4                  _P2OVDCONbits = 0x5d4
                    0x05d6                  P2DC1 = 0x5d6
                    0x05d6                  _P2DC1 = 0x5d6
                    0x0680                  RPINR0 = 0x680
                    0x0680                  _RPINR0 = 0x680
                    0x0680                  _RPINR0bits = 0x680
                    0x0682                  RPINR1 = 0x682
                    0x0682                  _RPINR1 = 0x682
                    0x0682                  _RPINR1bits = 0x682
                    0x0686                  RPINR3 = 0x686
                    0x0686                  _RPINR3 = 0x686
                    0x0686                  _RPINR3bits = 0x686
                    0x068e                  RPINR7 = 0x68e
                    0x068e                  _RPINR7 = 0x68e
                    0x068e                  _RPINR7bits = 0x68e
                    0x0694                  RPINR10 = 0x694
                    0x0694                  _RPINR10 = 0x694
                    0x0694                  _RPINR10bits = 0x694
                    0x0696                  RPINR11 = 0x696
                    0x0696                  _RPINR11 = 0x696
                    0x0696                  _RPINR11bits = 0x696
                    0x0698                  RPINR12 = 0x698
                    0x0698                  _RPINR12 = 0x698
                    0x0698                  _RPINR12bits = 0x698
                    0x069a                  RPINR13 = 0x69a
                    0x069a                  _RPINR13 = 0x69a
                    0x069a                  _RPINR13bits = 0x69a
                    0x069c                  RPINR14 = 0x69c
                    0x069c                  _RPINR14 = 0x69c
                    0x069c                  _RPINR14bits = 0x69c
                    0x069e                  RPINR15 = 0x69e
                    0x069e                  _RPINR15 = 0x69e
                    0x069e                  _RPINR15bits = 0x69e
                    0x06a4                  RPINR18 = 0x6a4
                    0x06a4                  _RPINR18 = 0x6a4
                    0x06a4                  _RPINR18bits = 0x6a4
                    0x06a8                  RPINR20 = 0x6a8
                    0x06a8                  _RPINR20 = 0x6a8
                    0x06a8                  _RPINR20bits = 0x6a8
                    0x06aa                  RPINR21 = 0x6aa
                    0x06aa                  _RPINR21 = 0x6aa
                    0x06aa                  _RPINR21bits = 0x6aa
                    0x06c0                  RPOR0 = 0x6c0
                    0x06c0                  _RPOR0 = 0x6c0
                    0x06c0                  _RPOR0bits = 0x6c0
                    0x06c2                  RPOR1 = 0x6c2
                    0x06c2                  _RPOR1 = 0x6c2
                    0x06c2                  _RPOR1bits = 0x6c2
                    0x06c4                  RPOR2 = 0x6c4
                    0x06c4                  _RPOR2 = 0x6c4
                    0x06c4                  _RPOR2bits = 0x6c4
                    0x06c6                  RPOR3 = 0x6c6
                    0x06c6                  _RPOR3 = 0x6c6
                    0x06c6                  _RPOR3bits = 0x6c6
                    0x06c8                  RPOR4 = 0x6c8
                    0x06c8                  _RPOR4 = 0x6c8
                    0x06c8                  _RPOR4bits = 0x6c8
                    0x06ca                  RPOR5 = 0x6ca
                    0x06ca                  _RPOR5 = 0x6ca
                    0x06ca                  _RPOR5bits = 0x6ca
                    0x06cc                  RPOR6 = 0x6cc
                    0x06cc                  _RPOR6 = 0x6cc
                    0x06cc                  _RPOR6bits = 0x6cc
                    0x06ce                  RPOR7 = 0x6ce
                    0x06ce                  _RPOR7 = 0x6ce
                    0x06ce                  _RPOR7bits = 0x6ce
                    0x06d0                  RPOR8 = 0x6d0
                    0x06d0                  _RPOR8 = 0x6d0
                    0x06d0                  _RPOR8bits = 0x6d0
                    0x06d2                  RPOR9 = 0x6d2
                    0x06d2                  _RPOR9 = 0x6d2
                    0x06d2                  _RPOR9bits = 0x6d2
                    0x06d4                  RPOR10 = 0x6d4
                    0x06d4                  _RPOR10 = 0x6d4
                    0x06d4                  _RPOR10bits = 0x6d4
                    0x06d6                  RPOR11 = 0x6d6
                    0x06d6                  _RPOR11 = 0x6d6
                    0x06d6                  _RPOR11bits = 0x6d6
                    0x06d8                  RPOR12 = 0x6d8
                    0x06d8                  _RPOR12 = 0x6d8
                    0x06d8                  _RPOR12bits = 0x6d8
                    0x0740                  RCON = 0x740
                    0x0740                  _RCON = 0x740
                    0x0740                  _RCONbits = 0x740
                    0x0742                  OSCCON = 0x742
                    0x0742                  _OSCCON = 0x742
                    0x0742                  _OSCCONbits = 0x742
                    0x0742                  OSCCONL = 0x742
                    0x0742                  _OSCCONL = 0x742
                    0x0743                  OSCCONH = 0x743
                    0x0743                  _OSCCONH = 0x743
                    0x0744                  CLKDIV = 0x744
                    0x0744                  _CLKDIV = 0x744
                    0x0744                  _CLKDIVbits = 0x744
                    0x0746                  PLLFBD = 0x746
                    0x0746                  _PLLFBD = 0x746
                    0x0746                  _PLLFBDbits = 0x746
                    0x0748                  OSCTUN = 0x748
                    0x0748                  _OSCTUN = 0x748
                    0x0748                  _OSCTUNbits = 0x748
                    0x0760                  NVMCON = 0x760
                    0x0760                  _NVMCON = 0x760
                    0x0760                  _NVMCONbits = 0x760
                    0x0766                  NVMKEY = 0x766
                    0x0766                  _NVMKEY = 0x766
                    0x0770                  PMD1 = 0x770
                    0x0770                  _PMD1 = 0x770
                    0x0770                  _PMD1bits = 0x770
                    0x0772                  PMD2 = 0x772
                    0x0772                  _PMD2 = 0x772
                    0x0772                  _PMD2bits = 0x772
                    0x0774                  PMD3 = 0x774
                    0x0774                  _PMD3 = 0x774
                    0x0774                  _PMD3bits = 0x774
                    0x0022                  ACCA = 0x22
                    0x0022                  _ACCA = 0x22
                    0x0028                  ACCB = 0x28
                    0x0028                  _ACCB = 0x28
                    0x0140                  IC1 = 0x140
                    0x0140                  _IC1 = 0x140
                    0x0144                  IC2 = 0x144
                    0x0144                  _IC2 = 0x144
                    0x0158                  IC7 = 0x158
                    0x0158                  _IC7 = 0x158
                    0x015c                  IC8 = 0x15c
                    0x015c                  _IC8 = 0x15c
                    0x0180                  OC1 = 0x180
                    0x0180                  _OC1 = 0x180
                    0x0186                  OC2 = 0x186
                    0x0186                  _OC2 = 0x186
                    0x0240                  SPI1 = 0x240
                    0x0240                  _SPI1 = 0x240
                    0x0220                  UART1 = 0x220
                    0x0220                  _UART1 = 0x220
LOAD c:/progra~1/microchip/xc16/v1.70/bin/bin/../../lib\libq-dsp-elf.a
START GROUP
LOAD c:/progra~1/microchip/xc16/v1.70/bin/bin/../../lib\liblega-pic30-elf.a
LOAD c:/progra~1/microchip/xc16/v1.70/bin/bin/../../lib\libm-elf.a
LOAD c:/progra~1/microchip/xc16/v1.70/bin/bin/../../lib\liblega-c-elf.a
END GROUP
OUTPUT(ornek_11_1.elf elf32-pic30)
LOAD jump_table
LOAD default_isr
LOAD data_init

__c30_signature
                  0x00005e        0x16e
 __c30_signature
                  0x00005e          0x6 ornek_11_1_main.o
 __c30_signature
                  0x000064          0x6 dsPIC_LCD_customCFile.o
 __c30_signature
                  0x00006a          0x6 ornek_11_1.o
 __c30_signature
                  0x000070          0x6 c:/progra~1/microchip/xc16/v1.70/bin/bin/../../lib\liblega-pic30-elf.a(crt0_standard.o)
 __c30_signature
                  0x000076          0x6 c:/progra~1/microchip/xc16/v1.70/bin/bin/../../lib\liblega-pic30-elf.a(data_init_standard.o)
 __c30_signature
                  0x00007c          0x6 c:/progra~1/microchip/xc16/v1.70/bin/bin/../../lib\liblega-pic30-elf.a(delay32.Leo)
 __c30_signature
                  0x000082          0x6 c:/progra~1/microchip/xc16/v1.70/bin/bin/../../lib\liblega-c-elf.a(sprintf_cdfFnopuxX.XXeo)
 __c30_signature
                  0x000088          0x6 c:/progra~1/microchip/xc16/v1.70/bin/bin/../../lib\liblega-c-elf.a(xprintf_cdnopuxX.XXeo)
 __c30_signature
                  0x00008e          0x6 c:/progra~1/microchip/xc16/v1.70/bin/bin/../../lib\liblega-c-elf.a(memcpy.XX_eo)
 __c30_signature
                  0x000094          0x6 c:/progra~1/microchip/xc16/v1.70/bin/bin/../../lib\liblega-c-elf.a(strchr.XX_eo)
 __c30_signature
                  0x00009a          0x6 c:/progra~1/microchip/xc16/v1.70/bin/bin/../../lib\liblega-c-elf.a(xputtxt.XX_eo)
 __c30_signature
                  0x0000a0          0x6 c:/progra~1/microchip/xc16/v1.70/bin/bin/../../lib\liblega-c-elf.a(xvacopy.XX_eo)
 __c30_signature
                  0x0000a6          0x6 c:/progra~1/microchip/xc16/v1.70/bin/bin/../../lib\liblega-c-elf.a(efwrite.XX_eo)
 __c30_signature
                  0x0000ac          0x6 c:/progra~1/microchip/xc16/v1.70/bin/bin/../../lib\liblega-c-elf.a(fflush.XX_elo)
 __c30_signature
                  0x0000b2          0x6 c:/progra~1/microchip/xc16/v1.70/bin/bin/../../lib\liblega-c-elf.a(xfiles.XX_elo)
 __c30_signature
                  0x0000b8          0x6 c:/progra~1/microchip/xc16/v1.70/bin/bin/../../lib\liblega-c-elf.a(xprintf_cdfFnopuxX.XXeo)
 __c30_signature
                  0x0000be          0x6 c:/progra~1/microchip/xc16/v1.70/bin/bin/../../lib\liblega-c-elf.a(xputfld_cdfFnopuxX.XXeo)
 __c30_signature
                  0x0000c4          0x6 c:/progra~1/microchip/xc16/v1.70/bin/bin/../../lib\liblega-c-elf.a(xldtob_cdfFnopuxX.XXeo)
 __c30_signature
                  0x0000ca          0x6 c:/progra~1/microchip/xc16/v1.70/bin/bin/../../lib\liblega-c-elf.a(xgenld_cdfFnopuxX.XXeo)
 __c30_signature
                  0x0000d0          0x6 c:/progra~1/microchip/xc16/v1.70/bin/bin/../../lib\liblega-c-elf.a(div.XX_eo)
 __c30_signature
                  0x0000d6          0x6 c:/progra~1/microchip/xc16/v1.70/bin/bin/../../lib\liblega-c-elf.a(ldiv.XX_eo)
 __c30_signature
                  0x0000dc          0x6 c:/progra~1/microchip/xc16/v1.70/bin/bin/../../lib\liblega-c-elf.a(xfwprep.XX_eo)
 __c30_signature
                  0x0000e2          0x6 c:/progra~1/microchip/xc16/v1.70/bin/bin/../../lib\liblega-c-elf.a(xldunsca.XX_eo)
 __c30_signature
                  0x0000e8          0x6 c:/progra~1/microchip/xc16/v1.70/bin/bin/../../lib\liblega-c-elf.a(xlitob.XX_eo)
 __c30_signature
                  0x0000ee          0x6 c:/progra~1/microchip/xc16/v1.70/bin/bin/../../lib\liblega-c-elf.a(fclose.XX_elo)
 __c30_signature
                  0x0000f4          0x6 c:/progra~1/microchip/xc16/v1.70/bin/bin/../../lib\liblega-c-elf.a(xatexit.XX_elo)
 __c30_signature
                  0x0000fa          0x6 c:/progra~1/microchip/xc16/v1.70/bin/bin/../../lib\liblega-c-elf.a(xdnorm.XX_elo)
 __c30_signature
                  0x000100          0x6 c:/progra~1/microchip/xc16/v1.70/bin/bin/../../lib\liblega-c-elf.a(free.XX_eo)
 __c30_signature
                  0x000106          0x6 c:/progra~1/microchip/xc16/v1.70/bin/bin/../../lib\liblega-c-elf.a(malloc.XX_eo)
 __c30_signature
                  0x00010c          0x6 c:/progra~1/microchip/xc16/v1.70/bin/bin/../../lib\liblega-c-elf.a(xgetmem.XX_eo)
 __c30_signature
                  0x000112          0x6 c:/progra~1/microchip/xc16/v1.70/bin/bin/../../lib\liblega-pic30-elf.a(close.Leo)
 __c30_signature
                  0x000118          0x6 c:/progra~1/microchip/xc16/v1.70/bin/bin/../../lib\liblega-pic30-elf.a(write.Leo)
 __c30_signature
                  0x00011e          0x6 c:/progra~1/microchip/xc16/v1.70/bin/bin/../../lib\liblega-pic30-elf.a(remove.Leo)
 __c30_signature
                  0x000124          0x6 c:/progra~1/microchip/xc16/v1.70/bin/bin/../../lib\liblega-pic30-elf.a(sbrk.Leo)
 __c30_signature
                  0x00012a          0x6 c:/progra~1/microchip/xc16/v1.70/bin/bin/../../lib\liblega-pic30-elf.a(c30_uart.Leo)
 __c30_signature
                  0x000130          0x6 c:/progra~1/microchip/xc16/v1.70/bin/bin/../../lib\liblega-pic30-elf.a(memcpy_eds.Leo)
 __c30_signature
                  0x000136          0x6 c:/progra~1/microchip/xc16/v1.70/bin/bin/../../lib\liblega-pic30-elf.a(memchr_eds.Leo)
 __c30_signature
                  0x00013c          0x6 c:/progra~1/microchip/xc16/v1.70/bin/bin/../../lib\liblega-pic30-elf.a(brk.Lelo)
 __c30_signature
                  0x000142          0x6 c:/progra~1/microchip/xc16/v1.70/bin/bin/../../lib\libm-elf.a(deqltle.eo)
 __c30_signature
                  0x000148          0x6 c:/progra~1/microchip/xc16/v1.70/bin/bin/../../lib\libm-elf.a(dgtge.eo)
 __c30_signature
                  0x00014e          0x6 c:/progra~1/microchip/xc16/v1.70/bin/bin/../../lib\libm-elf.a(divdf3.eo)
 __c30_signature
                  0x000154          0x6 c:/progra~1/microchip/xc16/v1.70/bin/bin/../../lib\libm-elf.a(divsi3.eo)
 __c30_signature
                  0x00015a          0x6 c:/progra~1/microchip/xc16/v1.70/bin/bin/../../lib\libm-elf.a(dpack.eo)
 __c30_signature
                  0x000160          0x6 c:/progra~1/microchip/xc16/v1.70/bin/bin/../../lib\libm-elf.a(dunpack2.eo)
 __c30_signature
                  0x000166          0x6 c:/progra~1/microchip/xc16/v1.70/bin/bin/../../lib\libm-elf.a(extendsfdf.eo)
 __c30_signature
                  0x00016c          0x6 c:/progra~1/microchip/xc16/v1.70/bin/bin/../../lib\libm-elf.a(fixdfsi.eo)
 __c30_signature
                  0x000172          0x6 c:/progra~1/microchip/xc16/v1.70/bin/bin/../../lib\libm-elf.a(floatsidf.eo)
 __c30_signature
                  0x000178          0x6 c:/progra~1/microchip/xc16/v1.70/bin/bin/../../lib\libm-elf.a(funpack.eo)
 __c30_signature
                  0x00017e          0x6 c:/progra~1/microchip/xc16/v1.70/bin/bin/../../lib\libm-elf.a(muldf3.eo)
 __c30_signature
                  0x000184          0x6 c:/progra~1/microchip/xc16/v1.70/bin/bin/../../lib\libm-elf.a(subdf3.eo)
 __c30_signature
                  0x00018a          0x6 c:/progra~1/microchip/xc16/v1.70/bin/bin/../../lib\libm-elf.a(udivsi3.eo)
 __c30_signature
                  0x000190          0x6 c:/progra~1/microchip/xc16/v1.70/bin/bin/../../lib\libm-elf.a(umodsi3.eo)
 __c30_signature
                  0x000196          0x6 c:/progra~1/microchip/xc16/v1.70/bin/bin/../../lib\libm-elf.a(mulsi3.eo)
 __c30_signature
                  0x00019c          0x6 c:/progra~1/microchip/xc16/v1.70/bin/bin/../../lib\libm-elf.a(divmoddi3.eo)
 __c30_signature
                  0x0001a2          0x6 c:/progra~1/microchip/xc16/v1.70/bin/bin/../../lib\libm-elf.a(adddf3.eo)
 __c30_signature
                  0x0001a8          0x6 c:/progra~1/microchip/xc16/v1.70/bin/bin/../../lib\libm-elf.a(dcompare.eo)
 __c30_signature
                  0x0001ae          0x6 c:/progra~1/microchip/xc16/v1.70/bin/bin/../../lib\libm-elf.a(dpropagateNaN.eo)
 __c30_signature
                  0x0001b4          0x6 c:/progra~1/microchip/xc16/v1.70/bin/bin/../../lib\libm-elf.a(dtype.eo)
 __c30_signature
                  0x0001ba          0x6 c:/progra~1/microchip/xc16/v1.70/bin/bin/../../lib\libm-elf.a(dunpack.eo)
 __c30_signature
                  0x0001c0          0x6 c:/progra~1/microchip/xc16/v1.70/bin/bin/../../lib\libm-elf.a(floatdidf.eo)
 __c30_signature
                  0x0001c6          0x6 c:/progra~1/microchip/xc16/v1.70/bin/bin/../../lib\libm-elf.a(floatundidf.eo)

.nbss               0x0800          0xc
 .nbss              0x0800          0xc ornek_11_1.o
                    0x0800                  _ornek_11_1_DW

.ndata              0x080c          0x4
 .ndata             0x080c          0x4 ornek_11_1.o
                    0x080c                  _ornek_11_1_M

.data               0x0810        0x250
 .data              0x0810        0x11a dsPIC_LCD_customCFile.o
 .data              0x092a         0x88 c:/progra~1/microchip/xc16/v1.70/bin/bin/../../lib\liblega-c-elf.a(xfiles.XX_elo)
                    0x092a                  __Stdin
                    0x0952                  __Stdout
                    0x097a                  __Stderr
                    0x09a2                  __Files
 .data              0x09b2         0x58 c:/progra~1/microchip/xc16/v1.70/bin/bin/../../lib\liblega-c-elf.a(xldtob_cdfFnopuxX.XXeo)
 .data              0x0a0a         0x22 c:/progra~1/microchip/xc16/v1.70/bin/bin/../../lib\liblega-c-elf.a(xlitob.XX_eo)
 .data              0x0a2c         0x1a c:/progra~1/microchip/xc16/v1.70/bin/bin/../../lib\liblega-c-elf.a(xprintf_cdnopuxX.XXeo)
 .data              0x0a46         0x1a c:/progra~1/microchip/xc16/v1.70/bin/bin/../../lib\liblega-c-elf.a(xprintf_cdfFnopuxX.XXeo)

.bss                0x0a60          0x4
 .bss               0x0a60          0x4 c:/progra~1/microchip/xc16/v1.70/bin/bin/../../lib\liblega-c-elf.a(malloc.XX_eo)
                    0x0a60                  __Aldata

.data               0x0a64          0x2
 .data              0x0a64          0x2 c:/progra~1/microchip/xc16/v1.70/bin/bin/../../lib\liblega-c-elf.a(xgenld_cdfFnopuxX.XXeo)

.bss                0x0a66          0x2
 .bss               0x0a66          0x2 c:/progra~1/microchip/xc16/v1.70/bin/bin/../../lib\liblega-c-elf.a(fclose.XX_elo)

.data               0x0a68          0x4
 .data              0x0a68          0x2 c:/progra~1/microchip/xc16/v1.70/bin/bin/../../lib\liblega-c-elf.a(malloc.XX_eo)
                    0x0a68                  __Size_block
 .data              0x0a6a          0x2 c:/progra~1/microchip/xc16/v1.70/bin/bin/../../lib\liblega-pic30-elf.a(c30_uart.Leo)
                    0x0a6a                  ___C30_UART

.bss                0x0a6c          0x2
 .bss               0x0a6c          0x2 c:/progra~1/microchip/xc16/v1.70/bin/bin/../../lib\liblega-pic30-elf.a(brk.Lelo)
                    0x0a6c                  ___curbrk

.config_JTAGEN    0xf8000e          0x2
 .config_JTAGEN
                  0xf8000e          0x2 ornek_11_1_main.o

.config_FWDTEN    0xf8000a          0x2
 .config_FWDTEN
                  0xf8000a          0x2 ornek_11_1_main.o

.config_FCKSM     0xf80008          0x2
 .config_FCKSM    0xf80008          0x2 ornek_11_1_main.o

.config_IESO      0xf80006          0x2
 .config_IESO     0xf80006          0x2 ornek_11_1_main.o

.ivt._T1Interrupt
                  0x00001a          0x2
 .ivt._T1Interrupt
                  0x00001a          0x2 ornek_11_1.o

.text             0x00201e        0x434
 .text            0x00201e        0x434 dsPIC_LCD_customCFile.o
                  0x00201e                  _Lcd_Cmd
                  0x002070                  _Lcd_Init
                  0x0020f0                  _Lcd_Clear
                  0x0020fe                  _LCD_Return_Home
                  0x00210c                  _Lcd_Shift_Right
                  0x00211a                  _Lcd_Shift_Left
                  0x002128                  _Lcd_Set_Cursor
                  0x00219a                  _Lcd_Write_Char
                  0x002240                  _Lcd_Write_String
                  0x002256                  _LCD_StartUp
                  0x00225a                  _PrintMinutes
                  0x002276                  _PrintSeconds
                  0x002292                  _PrintVoltage
                  0x0022ae                  _PrintCO
                  0x0022ca                  _PrintTemperature
                  0x0022e6                  _PrintCPU
                  0x002302                  _PrintDigital
                  0x00231e                  _PrintKarakter
                  0x00233a                  _PrintSicaklik
                  0x002356                  _PrintNem
                  0x002372                  _PrintTus
                  0x00238e                  _PrintT1
                  0x0023aa                  _PrintT2
                  0x0023c6                  _PrintV1
                  0x0023e2                  _PrintV2
                  0x0023fe                  _PrintV3
                  0x00241a                  _PrintV4
                  0x002436                  _PrintNem2

.dinit            0x002452        0x1f0
 .dinit           0x002452        0x1f0 data_init

.text             0x002642         0xb6
 .text            0x002642         0x9a ornek_11_1_main.o
                  0x002642                  _main
 .text            0x0026dc         0x1c ornek_11_1.o
                  0x0026dc                  _ornek_11_1_step0
                  0x0026de                  _ornek_11_1_step1
                  0x0026e6                  _ornek_11_1_initialize
                  0x0026f0                  _ornek_11_1_terminate
                  0x0026f2                  _MCHP_IdleTask

.init.delay32     0x0026f8         0x1c
 .init.delay32    0x0026f8         0x1c c:/progra~1/microchip/xc16/v1.70/bin/bin/../../lib\liblega-pic30-elf.a(delay32.Leo)
                  0x0026f8                  ___delay32

Cross Reference Table

Symbol                                            File
.text%GAPS                                        ornek_11_1.elf
CORCON                                            c:/progra~1/microchip/xc16/v1.70/bin/bin/../../lib\liblega-pic30-elf.a(crt0_standard.o)
PSVPAG                                            c:/progra~1/microchip/xc16/v1.70/bin/bin/../../lib\liblega-pic30-elf.a(memcpy_eds.Leo)
_(float, int, long long, double, float, short, int) c:/progra~1/microchip/xc16/v1.70/bin/bin/../../lib\libm-elf.a(fixdfsi.eo)
                                                  c:/progra~1/microchip/xc16/v1.70/bin/bin/../../lib\liblega-c-elf.a(xldtob_cdfFnopuxX.XXeo)
_AD1PCFGL                                         ornek_11_1_main.o
_CLKDIV                                           ornek_11_1_main.o
_CORCON                                           c:/progra~1/microchip/xc16/v1.70/bin/bin/../../lib\liblega-pic30-elf.a(crt0_standard.o)
_IEC0bits                                         ornek_11_1_main.o
_IFS0bits                                         ornek_11_1.o
                                                  ornek_11_1_main.o
_IPC0bits                                         ornek_11_1_main.o
_LATBbits                                         ornek_11_1.o
                                                  dsPIC_LCD_customCFile.o
_LCD_Return_Home                                  dsPIC_LCD_customCFile.o
_LCD_StartUp                                      dsPIC_LCD_customCFile.o
                                                  ornek_11_1.o
_Lcd_Clear                                        dsPIC_LCD_customCFile.o
_Lcd_Cmd                                          dsPIC_LCD_customCFile.o
_Lcd_Init                                         dsPIC_LCD_customCFile.o
_Lcd_Set_Cursor                                   dsPIC_LCD_customCFile.o
_Lcd_Shift_Left                                   dsPIC_LCD_customCFile.o
_Lcd_Shift_Right                                  dsPIC_LCD_customCFile.o
_Lcd_Write_Char                                   dsPIC_LCD_customCFile.o
_Lcd_Write_String                                 dsPIC_LCD_customCFile.o
_MCHP_IdleTask                                    ornek_11_1.o
                                                  ornek_11_1_main.o
_OSCCON                                           ornek_11_1_main.o
_OSCCONbits                                       ornek_11_1_main.o
_PLLFBD                                           ornek_11_1_main.o
_PORTC                                            ornek_11_1.o
_PR1                                              ornek_11_1_main.o
_PSVPAG                                           c:/progra~1/microchip/xc16/v1.70/bin/bin/../../lib\liblega-pic30-elf.a(memchr_eds.Leo)
                                                  c:/progra~1/microchip/xc16/v1.70/bin/bin/../../lib\liblega-pic30-elf.a(crt0_standard.o)
                                                  ornek_11_1.o
_PrintCO                                          dsPIC_LCD_customCFile.o
_PrintCPU                                         dsPIC_LCD_customCFile.o
_PrintDigital                                     dsPIC_LCD_customCFile.o
                                                  ornek_11_1.o
_PrintKarakter                                    dsPIC_LCD_customCFile.o
_PrintMinutes                                     dsPIC_LCD_customCFile.o
_PrintNem                                         dsPIC_LCD_customCFile.o
_PrintNem2                                        dsPIC_LCD_customCFile.o
_PrintSeconds                                     dsPIC_LCD_customCFile.o
_PrintSicaklik                                    dsPIC_LCD_customCFile.o
_PrintT1                                          dsPIC_LCD_customCFile.o
_PrintT2                                          dsPIC_LCD_customCFile.o
_PrintTemperature                                 dsPIC_LCD_customCFile.o
_PrintTus                                         dsPIC_LCD_customCFile.o
_PrintV1                                          dsPIC_LCD_customCFile.o
_PrintV2                                          dsPIC_LCD_customCFile.o
_PrintV3                                          dsPIC_LCD_customCFile.o
_PrintV4                                          dsPIC_LCD_customCFile.o
_PrintVoltage                                     dsPIC_LCD_customCFile.o
_RCOUNT                                           ornek_11_1.o
_SPLIM                                            c:/progra~1/microchip/xc16/v1.70/bin/bin/../../lib\liblega-pic30-elf.a(crt0_standard.o)
_SR                                               c:/progra~1/microchip/xc16/v1.70/bin/bin/../../lib\liblega-pic30-elf.a(memchr_eds.Leo)
                                                  c:/progra~1/microchip/xc16/v1.70/bin/bin/../../lib\liblega-c-elf.a(xlitob.XX_eo)
                                                  c:/progra~1/microchip/xc16/v1.70/bin/bin/../../lib\liblega-c-elf.a(xldtob_cdfFnopuxX.XXeo)
                                                  c:/progra~1/microchip/xc16/v1.70/bin/bin/../../lib\liblega-c-elf.a(efwrite.XX_eo)
                                                  c:/progra~1/microchip/xc16/v1.70/bin/bin/../../lib\liblega-c-elf.a(xputtxt.XX_eo)
_SRbits                                           ornek_11_1.o
_T1CON                                            ornek_11_1_main.o
_T1CONbits                                        ornek_11_1_main.o
_TBLPAG                                           c:/progra~1/microchip/xc16/v1.70/bin/bin/../../lib\liblega-pic30-elf.a(data_init_standard.o)
_TMR1                                             ornek_11_1_main.o
_TRISB                                            ornek_11_1_main.o
_U1BRG                                            c:/progra~1/microchip/xc16/v1.70/bin/bin/../../lib\liblega-pic30-elf.a(write.Leo)
_U1MODEbits                                       c:/progra~1/microchip/xc16/v1.70/bin/bin/../../lib\liblega-pic30-elf.a(write.Leo)
_U1STAbits                                        c:/progra~1/microchip/xc16/v1.70/bin/bin/../../lib\liblega-pic30-elf.a(write.Leo)
_U1TXREG                                          c:/progra~1/microchip/xc16/v1.70/bin/bin/../../lib\liblega-pic30-elf.a(write.Leo)
_U2BRG                                            c:/progra~1/microchip/xc16/v1.70/bin/bin/../../lib\liblega-pic30-elf.a(write.Leo)
_U2MODEbits                                       c:/progra~1/microchip/xc16/v1.70/bin/bin/../../lib\liblega-pic30-elf.a(write.Leo)
_U2STAbits                                        c:/progra~1/microchip/xc16/v1.70/bin/bin/../../lib\liblega-pic30-elf.a(write.Leo)
_U2TXREG                                          c:/progra~1/microchip/xc16/v1.70/bin/bin/../../lib\liblega-pic30-elf.a(write.Leo)
__Aldata                                          c:/progra~1/microchip/xc16/v1.70/bin/bin/../../lib\liblega-c-elf.a(malloc.XX_eo)
                                                  c:/progra~1/microchip/xc16/v1.70/bin/bin/../../lib\liblega-c-elf.a(free.XX_eo)
__Atcount                                         c:/progra~1/microchip/xc16/v1.70/bin/bin/../../lib\liblega-c-elf.a(xatexit.XX_elo)
__Atexit                                          c:/progra~1/microchip/xc16/v1.70/bin/bin/../../lib\liblega-c-elf.a(xatexit.XX_elo)
                                                  c:/progra~1/microchip/xc16/v1.70/bin/bin/../../lib\liblega-c-elf.a(fclose.XX_elo)
__Atfuns                                          c:/progra~1/microchip/xc16/v1.70/bin/bin/../../lib\liblega-c-elf.a(xatexit.XX_elo)
__Closreg                                         c:/progra~1/microchip/xc16/v1.70/bin/bin/../../lib\liblega-c-elf.a(fclose.XX_elo)
                                                  c:/progra~1/microchip/xc16/v1.70/bin/bin/../../lib\liblega-c-elf.a(xfwprep.XX_eo)
__DNKfflush                                       c:/progra~1/microchip/xc16/v1.70/bin/bin/../../lib\liblega-c-elf.a(fflush.XX_elo)
                                                  c:/progra~1/microchip/xc16/v1.70/bin/bin/../../lib\liblega-c-elf.a(fclose.XX_elo)
                                                  c:/progra~1/microchip/xc16/v1.70/bin/bin/../../lib\liblega-c-elf.a(xfwprep.XX_eo)
                                                  c:/progra~1/microchip/xc16/v1.70/bin/bin/../../lib\liblega-c-elf.a(efwrite.XX_eo)
__DefaultInterrupt                                default_isr
__Dnorm                                           c:/progra~1/microchip/xc16/v1.70/bin/bin/../../lib\liblega-c-elf.a(xdnorm.XX_elo)
                                                  c:/progra~1/microchip/xc16/v1.70/bin/bin/../../lib\liblega-c-elf.a(xldunsca.XX_eo)
__Files                                           c:/progra~1/microchip/xc16/v1.70/bin/bin/../../lib\liblega-c-elf.a(xfiles.XX_elo)
                                                  c:/progra~1/microchip/xc16/v1.70/bin/bin/../../lib\liblega-c-elf.a(fclose.XX_elo)
                                                  c:/progra~1/microchip/xc16/v1.70/bin/bin/../../lib\liblega-c-elf.a(fflush.XX_elo)
__Fwprep                                          c:/progra~1/microchip/xc16/v1.70/bin/bin/../../lib\liblega-c-elf.a(xfwprep.XX_eo)
                                                  c:/progra~1/microchip/xc16/v1.70/bin/bin/../../lib\liblega-c-elf.a(efwrite.XX_eo)
__Getmem                                          c:/progra~1/microchip/xc16/v1.70/bin/bin/../../lib\liblega-c-elf.a(xgetmem.XX_eo)
                                                  c:/progra~1/microchip/xc16/v1.70/bin/bin/../../lib\liblega-c-elf.a(malloc.XX_eo)
__LDunscale                                       c:/progra~1/microchip/xc16/v1.70/bin/bin/../../lib\liblega-c-elf.a(xldunsca.XX_eo)
                                                  c:/progra~1/microchip/xc16/v1.70/bin/bin/../../lib\liblega-c-elf.a(xldtob_cdfFnopuxX.XXeo)
__Litob                                           c:/progra~1/microchip/xc16/v1.70/bin/bin/../../lib\liblega-c-elf.a(xlitob.XX_eo)
                                                  c:/progra~1/microchip/xc16/v1.70/bin/bin/../../lib\liblega-c-elf.a(xputfld_cdfFnopuxX.XXeo)
                                                  c:/progra~1/microchip/xc16/v1.70/bin/bin/../../lib\liblega-c-elf.a(xputfld_cdnopuxX.XXeo)
__MIN_STACK_SIZE                                  ornek_11_1.elf
__Puttxt                                          c:/progra~1/microchip/xc16/v1.70/bin/bin/../../lib\liblega-c-elf.a(xputtxt.XX_eo)
                                                  c:/progra~1/microchip/xc16/v1.70/bin/bin/../../lib\liblega-c-elf.a(xprintf_cdfFnopuxX.XXeo)
                                                  c:/progra~1/microchip/xc16/v1.70/bin/bin/../../lib\liblega-c-elf.a(xprintf_cdnopuxX.XXeo)
__SPLIM_init                                      ornek_11_1.elf
                                                  c:/progra~1/microchip/xc16/v1.70/bin/bin/../../lib\liblega-pic30-elf.a(crt0_standard.o)
__SP_init                                         ornek_11_1.elf
                                                  c:/progra~1/microchip/xc16/v1.70/bin/bin/../../lib\liblega-pic30-elf.a(crt0_standard.o)
__STACKGUARD_SIZE                                 ornek_11_1.elf
__Size_block                                      c:/progra~1/microchip/xc16/v1.70/bin/bin/../../lib\liblega-c-elf.a(malloc.XX_eo)
__Stderr                                          c:/progra~1/microchip/xc16/v1.70/bin/bin/../../lib\liblega-c-elf.a(xfiles.XX_elo)
__Stdin                                           c:/progra~1/microchip/xc16/v1.70/bin/bin/../../lib\liblega-c-elf.a(xfiles.XX_elo)
__Stdout                                          c:/progra~1/microchip/xc16/v1.70/bin/bin/../../lib\liblega-c-elf.a(xfiles.XX_elo)
__T1Interrupt                                     ornek_11_1.o
__Vacopy                                          c:/progra~1/microchip/xc16/v1.70/bin/bin/../../lib\liblega-c-elf.a(xvacopy.XX_eo)
                                                  c:/progra~1/microchip/xc16/v1.70/bin/bin/../../lib\liblega-c-elf.a(xprintf_cdfFnopuxX.XXeo)
                                                  c:/progra~1/microchip/xc16/v1.70/bin/bin/../../lib\liblega-c-elf.a(xprintf_cdnopuxX.XXeo)
___C30_UART                                       c:/progra~1/microchip/xc16/v1.70/bin/bin/../../lib\liblega-pic30-elf.a(c30_uart.Leo)
                                                  c:/progra~1/microchip/xc16/v1.70/bin/bin/../../lib\liblega-pic30-elf.a(write.Leo)
___Genld_cdfFnopuxX                               c:/progra~1/microchip/xc16/v1.70/bin/bin/../../lib\liblega-c-elf.a(xgenld_cdfFnopuxX.XXeo)
                                                  c:/progra~1/microchip/xc16/v1.70/bin/bin/../../lib\liblega-c-elf.a(xldtob_cdfFnopuxX.XXeo)
___Ldtob_cdfFnopuxX                               c:/progra~1/microchip/xc16/v1.70/bin/bin/../../lib\liblega-c-elf.a(xldtob_cdfFnopuxX.XXeo)
                                                  c:/progra~1/microchip/xc16/v1.70/bin/bin/../../lib\liblega-c-elf.a(xputfld_cdfFnopuxX.XXeo)
___Printf_cdfFnopuxX                              c:/progra~1/microchip/xc16/v1.70/bin/bin/../../lib\liblega-c-elf.a(xprintf_cdfFnopuxX.XXeo)
___Printf_cdnopuxX                                c:/progra~1/microchip/xc16/v1.70/bin/bin/../../lib\liblega-c-elf.a(xprintf_cdnopuxX.XXeo)
___Putfld_cdfFnopuxX                              c:/progra~1/microchip/xc16/v1.70/bin/bin/../../lib\liblega-c-elf.a(xputfld_cdfFnopuxX.XXeo)
                                                  c:/progra~1/microchip/xc16/v1.70/bin/bin/../../lib\liblega-c-elf.a(xprintf_cdfFnopuxX.XXeo)
___Putfld_cdnopuxX                                c:/progra~1/microchip/xc16/v1.70/bin/bin/../../lib\liblega-c-elf.a(xputfld_cdnopuxX.XXeo)
                                                  c:/progra~1/microchip/xc16/v1.70/bin/bin/../../lib\liblega-c-elf.a(xprintf_cdnopuxX.XXeo)
___adddf3                                         c:/progra~1/microchip/xc16/v1.70/bin/bin/../../lib\libm-elf.a(adddf3.eo)
                                                  c:/progra~1/microchip/xc16/v1.70/bin/bin/../../lib\libm-elf.a(subdf3.eo)
___curbrk                                         c:/progra~1/microchip/xc16/v1.70/bin/bin/../../lib\liblega-pic30-elf.a(brk.Lelo)
                                                  c:/progra~1/microchip/xc16/v1.70/bin/bin/../../lib\liblega-pic30-elf.a(sbrk.Leo)
___delay32                                        c:/progra~1/microchip/xc16/v1.70/bin/bin/../../lib\liblega-pic30-elf.a(delay32.Leo)
                                                  dsPIC_LCD_customCFile.o
___divdf3                                         c:/progra~1/microchip/xc16/v1.70/bin/bin/../../lib\libm-elf.a(divdf3.eo)
                                                  c:/progra~1/microchip/xc16/v1.70/bin/bin/../../lib\liblega-c-elf.a(xldtob_cdfFnopuxX.XXeo)
___divdi3                                         c:/progra~1/microchip/xc16/v1.70/bin/bin/../../lib\libm-elf.a(divmoddi3.eo)
                                                  c:/progra~1/microchip/xc16/v1.70/bin/bin/../../lib\liblega-c-elf.a(xlitob.XX_eo)
___divsi3                                         c:/progra~1/microchip/xc16/v1.70/bin/bin/../../lib\libm-elf.a(divsi3.eo)
                                                  c:/progra~1/microchip/xc16/v1.70/bin/bin/../../lib\liblega-c-elf.a(xlitob.XX_eo)
                                                  c:/progra~1/microchip/xc16/v1.70/bin/bin/../../lib\liblega-c-elf.a(ldiv.XX_eo)
                                                  c:/progra~1/microchip/xc16/v1.70/bin/bin/../../lib\liblega-c-elf.a(xldtob_cdfFnopuxX.XXeo)
___ePrintf_cdfFnopuxX                             c:/progra~1/microchip/xc16/v1.70/bin/bin/../../lib\liblega-c-elf.a(xprintf_cdfFnopuxX.XXeo)
                                                  c:/progra~1/microchip/xc16/v1.70/bin/bin/../../lib\liblega-c-elf.a(sprintf_cdfFnopuxX.XXeo)
___ePrintf_cdnopuxX                               c:/progra~1/microchip/xc16/v1.70/bin/bin/../../lib\liblega-c-elf.a(xprintf_cdnopuxX.XXeo)
                                                  c:/progra~1/microchip/xc16/v1.70/bin/bin/../../lib\liblega-c-elf.a(sprintf_cdnopuxX.XXeo)
___eqdf2                                          c:/progra~1/microchip/xc16/v1.70/bin/bin/../../lib\libm-elf.a(deqltle.eo)
___extendsfdf2                                    c:/progra~1/microchip/xc16/v1.70/bin/bin/../../lib\libm-elf.a(extendsfdf.eo)
                                                  c:/progra~1/microchip/xc16/v1.70/bin/bin/../../lib\liblega-c-elf.a(xputfld_cdfFnopuxX.XXeo)
___floatdidf                                      c:/progra~1/microchip/xc16/v1.70/bin/bin/../../lib\libm-elf.a(floatdidf.eo)
                                                  c:/progra~1/microchip/xc16/v1.70/bin/bin/../../lib\libm-elf.a(floatsidf.eo)
___floatsidf                                      c:/progra~1/microchip/xc16/v1.70/bin/bin/../../lib\libm-elf.a(floatsidf.eo)
                                                  c:/progra~1/microchip/xc16/v1.70/bin/bin/../../lib\liblega-c-elf.a(xldtob_cdfFnopuxX.XXeo)
___floatundidf                                    c:/progra~1/microchip/xc16/v1.70/bin/bin/../../lib\libm-elf.a(floatundidf.eo)
                                                  c:/progra~1/microchip/xc16/v1.70/bin/bin/../../lib\libm-elf.a(floatdidf.eo)
___gedf2                                          c:/progra~1/microchip/xc16/v1.70/bin/bin/../../lib\libm-elf.a(dgtge.eo)
___gtdf2                                          c:/progra~1/microchip/xc16/v1.70/bin/bin/../../lib\libm-elf.a(dgtge.eo)
                                                  c:/progra~1/microchip/xc16/v1.70/bin/bin/../../lib\liblega-c-elf.a(xldtob_cdfFnopuxX.XXeo)
___ledf2                                          c:/progra~1/microchip/xc16/v1.70/bin/bin/../../lib\libm-elf.a(deqltle.eo)
___ltdf2                                          c:/progra~1/microchip/xc16/v1.70/bin/bin/../../lib\libm-elf.a(deqltle.eo)
                                                  c:/progra~1/microchip/xc16/v1.70/bin/bin/../../lib\liblega-c-elf.a(xldtob_cdfFnopuxX.XXeo)
___moddi3                                         c:/progra~1/microchip/xc16/v1.70/bin/bin/../../lib\libm-elf.a(divmoddi3.eo)
___muldf3                                         c:/progra~1/microchip/xc16/v1.70/bin/bin/../../lib\libm-elf.a(muldf3.eo)
                                                  c:/progra~1/microchip/xc16/v1.70/bin/bin/../../lib\liblega-c-elf.a(xldtob_cdfFnopuxX.XXeo)
___mulp32eds3                                     c:/progra~1/microchip/xc16/v1.70/bin/bin/../../lib\libm-elf.a(mulsi3.eo)
___mulp32peds3                                    c:/progra~1/microchip/xc16/v1.70/bin/bin/../../lib\libm-elf.a(mulsi3.eo)
___mulsi3                                         c:/progra~1/microchip/xc16/v1.70/bin/bin/../../lib\libm-elf.a(mulsi3.eo)
                                                  c:/progra~1/microchip/xc16/v1.70/bin/bin/../../lib\liblega-c-elf.a(fclose.XX_elo)
                                                  c:/progra~1/microchip/xc16/v1.70/bin/bin/../../lib\liblega-c-elf.a(ldiv.XX_eo)
___subdf3                                         c:/progra~1/microchip/xc16/v1.70/bin/bin/../../lib\libm-elf.a(subdf3.eo)
                                                  c:/progra~1/microchip/xc16/v1.70/bin/bin/../../lib\liblega-c-elf.a(xldtob_cdfFnopuxX.XXeo)
___udivdi3                                        c:/progra~1/microchip/xc16/v1.70/bin/bin/../../lib\libm-elf.a(divmoddi3.eo)
                                                  c:/progra~1/microchip/xc16/v1.70/bin/bin/../../lib\liblega-c-elf.a(xlitob.XX_eo)
___udivmoddi3                                     c:/progra~1/microchip/xc16/v1.70/bin/bin/../../lib\libm-elf.a(divmoddi3.eo)
___udivsi3                                        c:/progra~1/microchip/xc16/v1.70/bin/bin/../../lib\libm-elf.a(udivsi3.eo)
                                                  c:/progra~1/microchip/xc16/v1.70/bin/bin/../../lib\libm-elf.a(umodsi3.eo)
                                                  c:/progra~1/microchip/xc16/v1.70/bin/bin/../../lib\libm-elf.a(divsi3.eo)
                                                  c:/progra~1/microchip/xc16/v1.70/bin/bin/../../lib\liblega-c-elf.a(xlitob.XX_eo)
___umoddi3                                        c:/progra~1/microchip/xc16/v1.70/bin/bin/../../lib\libm-elf.a(divmoddi3.eo)
                                                  c:/progra~1/microchip/xc16/v1.70/bin/bin/../../lib\liblega-c-elf.a(xlitob.XX_eo)
___umodsi3                                        c:/progra~1/microchip/xc16/v1.70/bin/bin/../../lib\libm-elf.a(umodsi3.eo)
                                                  c:/progra~1/microchip/xc16/v1.70/bin/bin/../../lib\liblega-c-elf.a(xlitob.XX_eo)
__bootconst_psvpage                               ornek_11_1.elf
__const_length                                    ornek_11_1.elf
                                                  c:/progra~1/microchip/xc16/v1.70/bin/bin/../../lib\liblega-pic30-elf.a(crt0_standard.o)
__const_psvpage                                   ornek_11_1.elf
                                                  c:/progra~1/microchip/xc16/v1.70/bin/bin/../../lib\liblega-pic30-elf.a(crt0_standard.o)
                                                  ornek_11_1.o
__crt_start_mode                                  c:/progra~1/microchip/xc16/v1.70/bin/bin/../../lib\liblega-pic30-elf.a(crt_start_mode_normal.Leo)
                                                  c:/progra~1/microchip/xc16/v1.70/bin/bin/../../lib\liblega-pic30-elf.a(crt0_standard.o)
__crt_start_mode_normal                           c:/progra~1/microchip/xc16/v1.70/bin/bin/../../lib\liblega-pic30-elf.a(crt_start_mode_normal.Leo)
__dPropagateNaN                                   c:/progra~1/microchip/xc16/v1.70/bin/bin/../../lib\libm-elf.a(dpropagateNaN.eo)
                                                  c:/progra~1/microchip/xc16/v1.70/bin/bin/../../lib\libm-elf.a(dunpack2.eo)
__data_init                                       c:/progra~1/microchip/xc16/v1.70/bin/bin/../../lib\liblega-pic30-elf.a(data_init_standard.o)
__data_init_standard                              c:/progra~1/microchip/xc16/v1.70/bin/bin/../../lib\liblega-pic30-elf.a(data_init_standard.o)
                                                  c:/progra~1/microchip/xc16/v1.70/bin/bin/../../lib\liblega-pic30-elf.a(crt0_standard.o)
__dcompare                                        c:/progra~1/microchip/xc16/v1.70/bin/bin/../../lib\libm-elf.a(dcompare.eo)
                                                  c:/progra~1/microchip/xc16/v1.70/bin/bin/../../lib\libm-elf.a(dgtge.eo)
                                                  c:/progra~1/microchip/xc16/v1.70/bin/bin/../../lib\libm-elf.a(deqltle.eo)
__dinit_tbloffset                                 ornek_11_1.elf